Archive member included to satisfy reference by file (symbol)

C:\Users\emill\Documents\GitHub\pressboi\lib\libClearCore\Debug\libClearCore.a(EthernetUdp.o)
                              src/comms_controller.o (ClearCore::EthernetUdp::EthernetUdp())
C:\Users\emill\Documents\GitHub\pressboi\lib\libClearCore\Debug\libClearCore.a(MotorDriver.o)
                              src/pressboi.o (ClearCore::MotorDriver::EnableRequest(bool))
C:\Users\emill\Documents\GitHub\pressboi\lib\libClearCore\Debug\libClearCore.a(SerialBase.o)
                              src/force_sensor.o (ClearCore::SerialBase::CharGet())
C:\Users\emill\Documents\GitHub\pressboi\lib\libClearCore\Debug\libClearCore.a(SerialDriver.o)
                              src/force_sensor.o (ClearCore::SerialDriver::Mode(ClearCore::Connector::ConnectorModes))
C:\Users\emill\Documents\GitHub\pressboi\lib\libClearCore\Debug\libClearCore.a(SerialUsb.o)
                              src/comms_controller.o (ClearCore::SerialUsb::PortOpen())
C:\Users\emill\Documents\GitHub\pressboi\lib\libClearCore\Debug\libClearCore.a(LedDriver.o)
                              src/pressboi.o (ClearCore::LedDriver::State(short))
C:\Users\emill\Documents\GitHub\pressboi\lib\libClearCore\Debug\libClearCore.a(UsbManager.o)
                              C:\Users\emill\Documents\GitHub\pressboi\lib\libClearCore\Debug\libClearCore.a(SerialUsb.o) (ClearCore::UsbManager::Speed(unsigned long))
C:\Users\emill\Documents\GitHub\pressboi\lib\libClearCore\Debug\libClearCore.a(SysManager.o)
                              C:\Users\emill\Documents\GitHub\pressboi\lib\libClearCore\Debug\libClearCore.a(MotorDriver.o) (ClearCore::SysManager::ConnectorByIndex(ClearCorePins))
C:\Users\emill\Documents\GitHub\pressboi\lib\libClearCore\Debug\libClearCore.a(NvmManager.o)
                              src/pressboi.o (ClearCore::NvmManager::Instance())
C:\Users\emill\Documents\GitHub\pressboi\lib\libClearCore\Debug\libClearCore.a(SysTiming.o)
                              C:\Users\emill\Documents\GitHub\pressboi\lib\libClearCore\Debug\libClearCore.a(SysManager.o) (ClearCore::SysTiming::IsrStart())
C:\Users\emill\Documents\GitHub\pressboi\lib\libClearCore\Debug\libClearCore.a(EthernetManager.o)
                              C:\Users\emill\Documents\GitHub\pressboi\lib\libClearCore\Debug\libClearCore.a(SysManager.o) (ClearCore::EthernetManager::Initialize())
C:\Users\emill\Documents\GitHub\pressboi\lib\libClearCore\Debug\libClearCore.a(ShiftRegister.o)
                              C:\Users\emill\Documents\GitHub\pressboi\lib\libClearCore\Debug\libClearCore.a(SysManager.o) (ClearCore::ShiftRegister::ShiftRegister())
C:\Users\emill\Documents\GitHub\pressboi\lib\libClearCore\Debug\libClearCore.a(MotorManager.o)
                              src/pressboi.o (ClearCore::MotorManager::MotorModeSet(ClearCore::MotorManager::MotorPair, ClearCore::Connector::ConnectorModes))
C:\Users\emill\Documents\GitHub\pressboi\lib\libClearCore\Debug\libClearCore.a(StepGenerator.o)
                              C:\Users\emill\Documents\GitHub\pressboi\lib\libClearCore\Debug\libClearCore.a(MotorDriver.o) (ClearCore::StepGenerator::Move(long, ClearCore::StepGenerator::MoveTarget))
C:\Users\emill\Documents\GitHub\pressboi\lib\libClearCore\Debug\libClearCore.a(system_same53.o)
                              C:\Users\emill\Documents\GitHub\pressboi\lib\libClearCore\Debug\libClearCore.a(SysManager.o) (SystemInit)
C:\Users\emill\Documents\GitHub\pressboi\lib\libClearCore\Debug\libClearCore.a(EncoderInput.o)
                              C:\Users\emill\Documents\GitHub\pressboi\lib\libClearCore\Debug\libClearCore.a(SysManager.o) (ClearCore::EncoderInput::EncoderInput())
C:\Users\emill\Documents\GitHub\pressboi\lib\libClearCore\Debug\libClearCore.a(cdcdf_acm.o)
                              C:\Users\emill\Documents\GitHub\pressboi\lib\libClearCore\Debug\libClearCore.a(UsbManager.o) (cdcdf_acm_init)
C:\Users\emill\Documents\GitHub\pressboi\lib\libClearCore\Debug\libClearCore.a(usbdc.o)
                              C:\Users\emill\Documents\GitHub\pressboi\lib\libClearCore\Debug\libClearCore.a(cdcdf_acm.o) (usbdc_xfer)
C:\Users\emill\Documents\GitHub\pressboi\lib\libClearCore\Debug\libClearCore.a(usb_protocol.o)
                              C:\Users\emill\Documents\GitHub\pressboi\lib\libClearCore\Debug\libClearCore.a(cdcdf_acm.o) (usb_find_desc)
C:\Users\emill\Documents\GitHub\pressboi\lib\libClearCore\Debug\libClearCore.a(hal_usb_device.o)
                              C:\Users\emill\Documents\GitHub\pressboi\lib\libClearCore\Debug\libClearCore.a(usbdc.o) (usb_d_init)
C:\Users\emill\Documents\GitHub\pressboi\lib\libClearCore\Debug\libClearCore.a(utils_assert.o)
                              C:\Users\emill\Documents\GitHub\pressboi\lib\libClearCore\Debug\libClearCore.a(usbdc.o) (assert)
C:\Users\emill\Documents\GitHub\pressboi\lib\libClearCore\Debug\libClearCore.a(utils_list.o)
[...]
Memory Configuration

Name             Origin             Length             Attributes
FLASH            0x00004000         0x0007c000         xr
RAM              0x20000000         0x00030000         xrw
*default*        0x00000000         0xffffffff

Linker script and memory map

LOAD c:/program files (x86)/atmel/studio/7.0/toolchain/arm/arm-gnu-toolchain/bin/../lib/gcc/arm-none-eabi/6.3.1/thumb/v7e-m/fpv4-sp/hard/crti.o
LOAD c:/program files (x86)/atmel/studio/7.0/toolchain/arm/arm-gnu-toolchain/bin/../lib/gcc/arm-none-eabi/6.3.1/thumb/v7e-m/fpv4-sp/hard/crtbegin.o
LOAD c:/program files (x86)/atmel/studio/7.0/toolchain/arm/arm-gnu-toolchain/bin/../lib/gcc/arm-none-eabi/6.3.1/../../../../arm-none-eabi/lib/thumb/v7e-m/fpv4-sp/hard/rdimon-crt0.o
LOAD Device_Startup/startup_same53.o
LOAD src/pressboi.o
LOAD src/comms_controller.o
LOAD src/motor_controller.o
LOAD src/force_sensor.o
LOAD src/commands.o
LOAD src/events.o
LOAD src/variables.o
START GROUP
LOAD C:\Program Files (x86)\Atmel\Studio\7.0\Packs\arm\CMSIS\4.5.0\CMSIS\Lib\GCC\libarm_cortexM4lf_math.a
LOAD C:\Users\emill\Documents\GitHub\pressboi\lib\libClearCore\Debug\libClearCore.a
LOAD C:\Users\emill\Documents\GitHub\pressboi\lib\LwIP\Debug\libLwIP.a
END GROUP
LOAD c:/program files (x86)/atmel/studio/7.0/toolchain/arm/arm-gnu-toolchain/bin/../lib/gcc/arm-none-eabi/6.3.1/../../../../arm-none-eabi/lib/thumb/v7e-m/fpv4-sp/hard\libstdc++.a
LOAD c:/program files (x86)/atmel/studio/7.0/toolchain/arm/arm-gnu-toolchain/bin/../lib/gcc/arm-none-eabi/6.3.1/../../../../arm-none-eabi/lib/thumb/v7e-m/fpv4-sp/hard\libm.a
START GROUP
LOAD c:/program files (x86)/atmel/studio/7.0/toolchain/arm/arm-gnu-toolchain/bin/../lib/gcc/arm-none-eabi/6.3.1/thumb/v7e-m/fpv4-sp/hard\libgcc.a
LOAD c:/program files (x86)/atmel/studio/7.0/toolchain/arm/arm-gnu-toolchain/bin/../lib/gcc/arm-none-eabi/6.3.1/../../../../arm-none-eabi/lib/thumb/v7e-m/fpv4-sp/hard\libc.a
END GROUP
START GROUP
LOAD c:/program files (x86)/atmel/studio/7.0/toolchain/arm/arm-gnu-toolchain/bin/../lib/gcc/arm-none-eabi/6.3.1/thumb/v7e-m/fpv4-sp/hard\libgcc.a
LOAD c:/program files (x86)/atmel/studio/7.0/toolchain/arm/arm-gnu-toolchain/bin/../lib/gcc/arm-none-eabi/6.3.1/../../../../arm-none-eabi/lib/thumb/v7e-m/fpv4-sp/hard\libc.a
LOAD c:/program files (x86)/atmel/studio/7.0/toolchain/arm/arm-gnu-toolchain/bin/../lib/gcc/arm-none-eabi/6.3.1/../../../../arm-none-eabi/lib/thumb/v7e-m/fpv4-sp/hard\librdimon.a
END GROUP
LOAD c:/program files (x86)/atmel/studio/7.0/toolchain/arm/arm-gnu-toolchain/bin/../lib/gcc/arm-none-eabi/6.3.1/thumb/v7e-m/fpv4-sp/hard/crtend.o
LOAD c:/program files (x86)/atmel/studio/7.0/toolchain/arm/arm-gnu-toolchain/bin/../lib/gcc/arm-none-eabi/6.3.1/thumb/v7e-m/fpv4-sp/hard/crtn.o

.text           0x00004000    0x33f64
                0x00004000                __text_start__ = .
 *(.sketch_boot)
                0x00004000                . = ALIGN (0x4000)
 *(.vectors)
 .vectors       0x00004000      0x264 Device_Startup/startup_same53.o
                0x00004000                exception_table
 *(.text*)
 .text          0x00004264       0x6c c:/program files (x86)/atmel/studio/7.0/toolchain/arm/arm-gnu-toolchain/bin/../lib/gcc/arm-none-eabi/6.3.1/thumb/v7e-m/fpv4-sp/hard/crtbegin.o
 .text.Dummy_Handler
                0x000042d0        0x4 Device_Startup/startup_same53.o
                0x000042d0                SVCall_Handler
                0x000042d0                EVSYS_0_Handler
                0x000042d0                TCC1_3_Handler
                0x000042d0                DAC_3_Handler
                0x000042d0                TRNG_Handler
                0x000042d0                HardFault_Handler
                0x000042d0                TC2_Handler
                0x000042d0                PDEC_2_Handler
                0x000042d0                AC_Handler
                0x000042d0                SERCOM3_1_Handler
                0x000042d0                TCC2_3_Handler
                0x000042d0                SERCOM3_2_Handler
                0x000042d0                PendSV_Handler
                0x000042d0                TC7_Handler
                0x000042d0                ADC1_1_Handler
                0x000042d0                EVSYS_3_Handler
                0x000042d0                PDEC_0_Handler
                0x000042d0                QSPI_Handler
                0x000042d0                NonMaskableInt_Handler
                0x000042d0                MemManagement_Handler
                0x000042d0                DAC_2_Handler
                0x000042d0                RTC_Handler
                0x000042d0                UsageFault_Handler
                0x000042d0                SERCOM4_0_Handler
                0x000042d0                OSC32KCTRL_Handler
                0x000042d0                TCC2_1_Handler
                0x000042d0                SUPC_1_Handler
                0x000042d0                TCC0_5_Handler
                0x000042d0                TCC0_6_Handler
                0x000042d0                SERCOM6_2_Handler
                0x000042d0                EVSYS_1_Handler
                0x000042d0                TCC1_4_Handler
                0x000042d0                TC6_Handler
                0x000042d0                DMAC_0_Handler
                0x000042d0                SERCOM6_0_Handler
                0x000042d0                SERCOM5_0_Handler
                0x000042d0                TC4_Handler
                0x000042d0                TC1_Handler
                0x000042d0                OSCCTRL_4_Handler
                0x000042d0                SERCOM4_3_Handler
                0x000042d0                DMAC_4_Handler
                0x000042d0                TCC4_2_Handler
                0x000042d0                PAC_Handler
                0x000042d0                TCC1_0_Handler
                0x000042d0                OSCCTRL_0_Handler
                0x000042d0                OSCCTRL_3_Handler
                0x000042d0                SERCOM4_1_Handler
                0x000042d0                TC3_Handler
                0x000042d0                Dummy_Handler
                0x000042d0                TCC2_2_Handler
                0x000042d0                SERCOM5_1_Handler
                0x000042d0                TCC1_1_Handler
                0x000042d0                DMAC_2_Handler
                0x000042d0                ADC0_0_Handler
                0x000042d0                SERCOM0_1_Handler
                0x000042d0                OSCCTRL_2_Handler
                0x000042d0                ADC1_0_Handler
                0x000042d0                TCC1_2_Handler
                0x000042d0                SERCOM7_1_Handler
                0x000042d0                PM_Handler
                0x000042d0                SERCOM6_3_Handler
                0x000042d0                DAC_4_Handler
                0x000042d0                TCC3_2_Handler
                0x000042d0                TCC0_2_Handler
                0x000042d0                DMAC_1_Handler
                0x000042d0                SDHC1_Handler
                0x000042d0                TCC2_0_Handler
                0x000042d0                PDEC_1_Handler
                0x000042d0                TCC4_1_Handler
                0x000042d0                SERCOM5_3_Handler
                0x000042d0                SERCOM6_1_Handler
                0x000042d0                SDHC0_Handler
                0x000042d0                SERCOM1_1_Handler
                0x000042d0                I2S_Handler
                0x000042d0                PCC_Handler
                0x000042d0                DAC_0_Handler
                0x000042d0                TCC0_1_Handler
                0x000042d0                SERCOM1_3_Handler
                0x000042d0                OSCCTRL_1_Handler
                0x000042d0                SERCOM1_0_Handler
                0x000042d0                PUKCC_Handler
                0x000042d0                SERCOM2_1_Handler
                0x000042d0                SERCOM1_2_Handler
                0x000042d0                SERCOM3_0_Handler
                0x000042d0                SERCOM4_2_Handler
                0x000042d0                EVSYS_4_Handler
                0x000042d0                NVMCTRL_1_Handler
                0x000042d0                SERCOM5_2_Handler
                0x000042d0                SERCOM3_3_Handler
                0x000042d0                ADC0_1_Handler
                0x000042d0                TCC3_1_Handler
                0x000042d0                DAC_1_Handler
                0x000042d0                NVMCTRL_0_Handler
                0x000042d0                MCLK_Handler
                0x000042d0                EVSYS_2_Handler
                0x000042d0                SUPC_0_Handler
                0x000042d0                BusFault_Handler
                0x000042d0                FREQM_Handler
                0x000042d0                TC0_Handler
                0x000042d0                TCC0_3_Handler
                0x000042d0                DMAC_3_Handler
                0x000042d0                DebugMonitor_Handler
                0x000042d0                TCC0_4_Handler
                0x000042d0                RAMECC_Handler
                0x000042d0                TC5_Handler
                0x000042d0                AES_Handler
                0x000042d0                ICM_Handler
 .text._ZN8PressboiC2Ev
                0x000042d4       0x4c src/pressboi.o
                0x000042d4                Pressboi::Pressboi()
                0x000042d4                Pressboi::Pressboi()
 .text._ZN8Pressboi11updateStateEv
                0x00004320      0x118 src/pressboi.o
                0x00004320                Pressboi::updateState()
 .text._ZN8Pressboi11reportEventEPKcS1_
                0x00004438        0x4 src/pressboi.o
                0x00004438                Pressboi::reportEvent(char const*, char const*)
 .text.startup._GLOBAL__sub_I_g_telemetry
                0x0000443c        0xc src/pressboi.o
 .text.WDT_Handler
                0x00004448       0x8c src/pressboi.o
                0x00004448                WDT_Handler
 .text._ZN8Pressboi22handleWatchdogRecoveryEv
                0x000044d4      0x124 src/pressboi.o
                0x000044d4                Pressboi::handleWatchdogRecovery()
 .text._ZN8Pressboi5setupEv
                0x000045f8       0xa4 src/pressboi.o
                0x000045f8                Pressboi::setup()
 *fill*         0x0000469c        0x4 
 .text._ZN8Pressboi15dispatchCommandERK7Message
                0x000046a0      0x834 src/pressboi.o
                0x000046a0                Pressboi::dispatchCommand(Message const&)
 .text._ZN8Pressboi4loopEv.constprop.4
                0x00004ed4      0x1e4 src/pressboi.o
 .text.startup.main
                0x000050b8       0x14 src/pressboi.o
                0x000050b8                main
 .text._ZN15CommsControllerC2Ev
                0x000050cc       0x58 src/comms_controller.o
                0x000050cc                CommsController::CommsController()
                0x000050cc                CommsController::CommsController()
 .text._ZN15CommsController9dequeueRxER7Message
                0x00005124       0x48 src/comms_controller.o
                0x00005124                CommsController::dequeueRx(Message&)
 .text._ZN15CommsController9enqueueTxEPKcRKN9ClearCore9IpAddressEt
                0x0000516c       0xd4 src/comms_controller.o
                0x0000516c                CommsController::enqueueTx(char const*, ClearCore::IpAddress const&, unsigned short)
 .text._ZN15CommsController10processUdpEv
                0x00005240      0x108 src/comms_controller.o
                0x00005240                CommsController::processUdp()
 .text._ZN15CommsController11reportEventEPKcS1_
                0x00005348       0xe0 src/comms_controller.o
                0x00005348                CommsController::reportEvent(char const*, char const*)
 .text._ZN15CommsController5setupEv
                0x00005428       0x74 src/comms_controller.o
                0x00005428                CommsController::setup()
 .text._ZN15CommsController16processUsbSerialEv
                0x0000549c      0x160 src/comms_controller.o
                0x0000549c                CommsController::processUsbSerial()
 .text._ZN15CommsController14processTxQueueEv
                0x000055fc       0xc4 src/comms_controller.o
                0x000055fc                CommsController::processTxQueue()
 .text._ZN15CommsController6updateEv
                0x000056c0       0x2c src/comms_controller.o
                0x000056c0                CommsController::update()
 .text._ZN15MotorControllerC2EPN9ClearCore11MotorDriverES2_P8Pressboi
                0x000056ec      0x130 src/motor_controller.o
                0x000056ec                MotorController::MotorController(ClearCore::MotorDriver*, ClearCore::MotorDriver*, Pressboi*)
                0x000056ec                MotorController::MotorController(ClearCore::MotorDriver*, ClearCore::MotorDriver*, Pressboi*)
 .text._ZN15MotorController5setupEv
                0x0000581c      0x24c src/motor_controller.o
                0x0000581c                MotorController::setup()
 .text._ZNK15MotorController34estimateMachineDeflectionFromForceEf
                0x00005a68      0x178 src/motor_controller.o
                0x00005a68                MotorController::estimateMachineDeflectionFromForce(float) const
 .text._ZN15MotorController22setMachineStrainCoeffsEfffff
                0x00005be0       0x54 src/motor_controller.o
                0x00005be0                MotorController::setMachineStrainCoeffs(float, float, float, float, float)
 .text._ZN15MotorController6enableEv
                0x00005c34       0x60 src/motor_controller.o
                0x00005c34                MotorController::enable()
 .text._ZN15MotorController7disableEv
                0x00005c94       0x30 src/motor_controller.o
                0x00005c94                MotorController::disable()
 .text._ZN15MotorController9abortMoveEv
                0x00005cc4       0x1c src/motor_controller.o
                0x00005cc4                MotorController::abortMove()
 .text._ZN15MotorController5resetEv
                0x00005ce0       0x68 src/motor_controller.o
                0x00005ce0                MotorController::reset()
 .text._ZN15MotorController10setRetractEPKc
                0x00005d48      0x16c src/motor_controller.o
                0x00005d48                MotorController::setRetract(char const*)
 .text._ZN15MotorController14pauseOperationEv
                0x00005eb4       0x88 src/motor_controller.o
                0x00005eb4                MotorController::pauseOperation()
 .text._ZN15MotorController15cancelOperationEv
                0x00005f3c       0xd4 src/motor_controller.o
                0x00005f3c                MotorController::cancelOperation()
 .text._ZN15MotorController12setForceModeEPKc
                0x00006010       0x68 src/motor_controller.o
                0x00006010                MotorController::setForceMode(char const*)
 .text._ZNK15MotorController12getForceModeEv
                0x00006078        0x4 src/motor_controller.o
                0x00006078                MotorController::getForceMode() const
 .text._ZN15MotorController25setForceCalibrationOffsetEf
                0x0000607c       0x4c src/motor_controller.o
                0x0000607c                MotorController::setForceCalibrationOffset(float)
 .text._ZN15MotorController24setForceCalibrationScaleEf
                0x000060c8       0x4c src/motor_controller.o
                0x000060c8                MotorController::setForceCalibrationScale(float)
 .text._ZNK15MotorController25getForceCalibrationOffsetEv
                0x00006114       0x24 src/motor_controller.o
                0x00006114                MotorController::getForceCalibrationOffset() const
 .text._ZN15MotorController9startMoveElii
                0x00006138       0xa4 src/motor_controller.o
                0x00006138                MotorController::startMove(long, int, int)
 .text._ZN15MotorController7retractEPKc
                0x000061dc      0x204 src/motor_controller.o
                0x000061dc                MotorController::retract(char const*)
 .text._ZN15MotorController12moveAbsoluteEPKc
                0x000063e0      0x480 src/motor_controller.o
                0x000063e0                MotorController::moveAbsolute(char const*)
 .text._ZN15MotorController15moveIncrementalEPKc
                0x00006860      0x47c src/motor_controller.o
                0x00006860                MotorController::moveIncremental(char const*)
 .text._ZN15MotorController13handleCommandE7CommandPKc
                0x00006cdc      0x1b0 src/motor_controller.o
                0x00006cdc                MotorController::handleCommand(Command, char const*)
 .text._ZN15MotorController15resumeOperationEv
                0x00006e8c      0x168 src/motor_controller.o
                0x00006e8c                MotorController::resumeOperation()
 .text._ZN15MotorController16checkTorqueLimitEv
                0x00006ff4      0x1c4 src/motor_controller.o
                0x00006ff4                MotorController::checkTorqueLimit()
 .text._ZN15MotorController18handleLimitReachedEPKcf
                0x000071b8      0x218 src/motor_controller.o
                0x000071b8                MotorController::handleLimitReached(char const*, float)
 .text._ZN15MotorController11updateStateEv
                0x000073d0      0xb7c src/motor_controller.o
                0x000073d0                MotorController::updateState()
 .text._ZN15MotorController15updateTelemetryEP13TelemetryDataP11ForceSensor
                0x00007f4c      0x310 src/motor_controller.o
                0x00007f4c                MotorController::updateTelemetry(TelemetryData*, ForceSensor*)
 .text._ZNK15MotorController6isBusyEv
                0x0000825c        0xc src/motor_controller.o
                0x0000825c                MotorController::isBusy() const
 .text._ZNK15MotorController9isInFaultEv
                0x00008268       0x18 src/motor_controller.o
                0x00008268                MotorController::isInFault() const
 .text._ZN11ForceSensorC2Ev
                0x00008280       0x30 src/force_sensor.o
                0x00008280                ForceSensor::ForceSensor()
                0x00008280                ForceSensor::ForceSensor()
 .text._ZNK11ForceSensor11isConnectedEv
                0x000082b0       0x18 src/force_sensor.o
                0x000082b0                ForceSensor::isConnected() const
 .text._ZN11ForceSensor9setOffsetEf
                0x000082c8       0x1c src/force_sensor.o
                0x000082c8                ForceSensor::setOffset(float)
 .text._ZN11ForceSensor8setScaleEf
                0x000082e4       0x1c src/force_sensor.o
                0x000082e4                ForceSensor::setScale(float)
 .text._ZN11ForceSensor22loadCalibrationFromNVMEv
                0x00008300       0xc4 src/force_sensor.o
                0x00008300                ForceSensor::loadCalibrationFromNVM()
 .text._ZN11ForceSensor5setupEv
                0x000083c4       0x44 src/force_sensor.o
                0x000083c4                ForceSensor::setup()
 .text._ZN11ForceSensor6updateEv
                0x00008408       0x98 src/force_sensor.o
                0x00008408                ForceSensor::update()
 .text._Z12parseCommandPKc
                0x000084a0      0x1ac src/commands.o
                0x000084a0                parseCommand(char const*)
 .text._Z14telemetry_initP13TelemetryData
                0x0000864c       0x40 src/variables.o
                0x0000864c                telemetry_init(TelemetryData*)
 .text._Z23telemetry_build_messagePK13TelemetryDataPcj
                0x0000868c      0x264 src/variables.o
                0x0000868c                telemetry_build_message(TelemetryData const*, char*, unsigned int)
 .text._ZN9ClearCore10UdpReceiveEPvP7udp_pcbP4pbufPK8ip4_addrt
                0x000088f0       0x34 C:\Users\emill\Documents\GitHub\pressboi\lib\libClearCore\Debug\libClearCore.a(EthernetUdp.o)
                0x000088f0                ClearCore::UdpReceive(void*, udp_pcb*, pbuf*, ip4_addr const*, unsigned short)
 .text._ZN9ClearCore11EthernetUdpC2Ev
                0x00008924       0x24 C:\Users\emill\Documents\GitHub\pressboi\lib\libClearCore\Debug\libClearCore.a(EthernetUdp.o)
                0x00008924                ClearCore::EthernetUdp::EthernetUdp()
                0x00008924                ClearCore::EthernetUdp::EthernetUdp()
 .text._ZN9ClearCore11EthernetUdp5BeginEt
                0x00008948       0x54 C:\Users\emill\Documents\GitHub\pressboi\lib\libClearCore\Debug\libClearCore.a(EthernetUdp.o)
                0x00008948                ClearCore::EthernetUdp::Begin(unsigned short)
 .text._ZN9ClearCore11EthernetUdp7ConnectENS_9IpAddressEt
                0x0000899c       0x30 C:\Users\emill\Documents\GitHub\pressboi\lib\libClearCore\Debug\libClearCore.a(EthernetUdp.o)
                0x0000899c                ClearCore::EthernetUdp::Connect(ClearCore::IpAddress, unsigned short)
 .text._ZN9ClearCore11EthernetUdp10PacketSendEv
                0x000089cc       0x5c C:\Users\emill\Documents\GitHub\pressboi\lib\libClearCore\Debug\libClearCore.a(EthernetUdp.o)
                0x000089cc                ClearCore::EthernetUdp::PacketSend()
 .text._ZN9ClearCore11EthernetUdp11PacketWriteEPKc
                0x00008a28       0xec C:\Users\emill\Documents\GitHub\pressboi\lib\libClearCore\Debug\libClearCore.a(EthernetUdp.o)
                0x00008a28                ClearCore::EthernetUdp::PacketWrite(char const*)
 .text._ZN9ClearCore11EthernetUdp11PacketParseEv
                0x00008b14       0x64 C:\Users\emill\Documents\GitHub\pressboi\lib\libClearCore\Debug\libClearCore.a(EthernetUdp.o)
                0x00008b14                ClearCore::EthernetUdp::PacketParse()
 .text._ZN9ClearCore11EthernetUdp10PacketReadEPht
                0x00008b78       0xe8 C:\Users\emill\Documents\GitHub\pressboi\lib\libClearCore\Debug\libClearCore.a(EthernetUdp.o)
                0x00008b78                ClearCore::EthernetUdp::PacketRead(unsigned char*, unsigned short)
 .text._ZN9ClearCore11EthernetUdp8RemoteIpEv
                0x00008c60        0x4 C:\Users\emill\Documents\GitHub\pressboi\lib\libClearCore\Debug\libClearCore.a(EthernetUdp.o)
                0x00008c60                ClearCore::EthernetUdp::RemoteIp()
 .text._ZN9ClearCore11EthernetUdp10RemotePortEv
                0x00008c64        0x4 C:\Users\emill\Documents\GitHub\pressboi\lib\libClearCore\Debug\libClearCore.a(EthernetUdp.o)
                0x00008c64                ClearCore::EthernetUdp::RemotePort()
 .text._ZN9ClearCore9DigitalIn5StateEs
                0x00008c68        0x4 C:\Users\emill\Documents\GitHub\pressboi\lib\libClearCore\Debug\libClearCore.a(MotorDriver.o)
                0x00008c68                ClearCore::DigitalIn::State(short)
 .text._ZN9ClearCore9DigitalIn17ExternalInterruptEv
                0x00008c6c        0x8 C:\Users\emill\Documents\GitHub\pressboi\lib\libClearCore\Debug\libClearCore.a(MotorDriver.o)
                0x00008c6c                ClearCore::DigitalIn::ExternalInterrupt()
 .text._ZN9ClearCore11MotorDriver4TypeEv
                0x00008c74        0x4 C:\Users\emill\Documents\GitHub\pressboi\lib\libClearCore\Debug\libClearCore.a(MotorDriver.o)
                0x00008c74                ClearCore::MotorDriver::Type()
 .text._ZN9ClearCore11MotorDriver10IsWritableEv
                0x00008c78        0x4 C:\Users\emill\Documents\GitHub\pressboi\lib\libClearCore\Debug\libClearCore.a(MotorDriver.o)
                0x00008c78                ClearCore::MotorDriver::IsWritable()
 .text._ZN9ClearCore11MotorDriver11IsInHwFaultEv
                0x00008c7c        0x8 C:\Users\emill\Documents\GitHub\pressboi\lib\libClearCore\Debug\libClearCore.a(MotorDriver.o)
                0x00008c7c                ClearCore::MotorDriver::IsInHwFault()
 .text._ZN9ClearCore11MotorDriver4ModeEv
                0x00008c84        0x4 C:\Users\emill\Documents\GitHub\pressboi\lib\libClearCore\Debug\libClearCore.a(MotorDriver.o)
                0x00008c84                ClearCore::MotorDriver::Mode()
 .text._ZN9ClearCore11MotorDriver4ModeENS_9Connector14ConnectorModesE
                0x00008c88      0x164 C:\Users\emill\Documents\GitHub\pressboi\lib\libClearCore\Debug\libClearCore.a(MotorDriver.o)
                0x00008c88                ClearCore::MotorDriver::Mode(ClearCore::Connector::ConnectorModes)
 .text._ZN9ClearCore11MotorDriver15OutputDirectionEv
                0x00008dec       0x58 C:\Users\emill\Documents\GitHub\pressboi\lib\libClearCore\Debug\libClearCore.a(MotorDriver.o)
                0x00008dec                ClearCore::MotorDriver::OutputDirection()
                0x00008e3c                non-virtual thunk to ClearCore::MotorDriver::OutputDirection()
 .text._ZN9ClearCore11MotorDriverC2ENS_13ShiftRegister5MasksEPK15PeripheralRouteS5_S5_tt
                0x00008e44      0x1a8 C:\Users\emill\Documents\GitHub\pressboi\lib\libClearCore\Debug\libClearCore.a(MotorDriver.o)
                0x00008e44                ClearCore::MotorDriver::MotorDriver(ClearCore::ShiftRegister::Masks, PeripheralRoute const*, PeripheralRoute const*, PeripheralRoute const*, unsigned short, unsigned short)
                0x00008e44                ClearCore::MotorDriver::MotorDriver(ClearCore::ShiftRegister::Masks, PeripheralRoute const*, PeripheralRoute const*, PeripheralRoute const*, unsigned short, unsigned short)
 .text._ZN9ClearCore11MotorDriver13EnableRequestEb
                0x00008fec      0x124 C:\Users\emill\Documents\GitHub\pressboi\lib\libClearCore\Debug\libClearCore.a(MotorDriver.o)
                0x00008fec                ClearCore::MotorDriver::EnableRequest(bool)
 .text._ZN9ClearCore11MotorDriver11RefreshSlowEv
                0x00009110       0xe8 C:\Users\emill\Documents\GitHub\pressboi\lib\libClearCore\Debug\libClearCore.a(MotorDriver.o)
                0x00009110                ClearCore::MotorDriver::RefreshSlow()
 .text._ZN9ClearCore11MotorDriver10FaultStateEb
                0x000091f8       0xf8 C:\Users\emill\Documents\GitHub\pressboi\lib\libClearCore\Debug\libClearCore.a(MotorDriver.o)
                0x000091f8                ClearCore::MotorDriver::FaultState(bool)
 .text._ZN9ClearCore11MotorDriver7RefreshEv
                0x000092f0      0x65c C:\Users\emill\Documents\GitHub\pressboi\lib\libClearCore\Debug\libClearCore.a(MotorDriver.o)
                0x000092f0                ClearCore::MotorDriver::Refresh()
 .text._ZN9ClearCore11MotorDriver4MoveElNS_13StepGenerator10MoveTargetE
                0x0000994c       0xf0 C:\Users\emill\Documents\GitHub\pressboi\lib\libClearCore\Debug\libClearCore.a(MotorDriver.o)
                0x0000994c                ClearCore::MotorDriver::Move(long, ClearCore::StepGenerator::MoveTarget)
 .text._ZThn48_N9ClearCore11MotorDriver4MoveElNS_13StepGenerator10MoveTargetE
                0x00009a3c        0x8 C:\Users\emill\Documents\GitHub\pressboi\lib\libClearCore\Debug\libClearCore.a(MotorDriver.o)
                0x00009a3c                non-virtual thunk to ClearCore::MotorDriver::Move(long, ClearCore::StepGenerator::MoveTarget)
 .text._ZN9ClearCore11MotorDriver12MoveVelocityEl
                0x00009a44       0xd8 C:\Users\emill\Documents\GitHub\pressboi\lib\libClearCore\Debug\libClearCore.a(MotorDriver.o)
                0x00009a44                ClearCore::MotorDriver::MoveVelocity(long)
 .text._ZThn48_N9ClearCore11MotorDriver12MoveVelocityEl
                0x00009b1c        0x8 C:\Users\emill\Documents\GitHub\pressboi\lib\libClearCore\Debug\libClearCore.a(MotorDriver.o)
                0x00009b1c                non-virtual thunk to ClearCore::MotorDriver::MoveVelocity(long)
 .text._ZN9ClearCore11MotorDriver10InitializeE13ClearCorePins
                0x00009b24      0x314 C:\Users\emill\Documents\GitHub\pressboi\lib\libClearCore\Debug\libClearCore.a(MotorDriver.o)
                0x00009b24                ClearCore::MotorDriver::Initialize(ClearCorePins)
 .text._ZN9ClearCore10SerialBase5SpeedEv
                0x00009e38        0x4 C:\Users\emill\Documents\GitHub\pressboi\lib\libClearCore\Debug\libClearCore.a(SerialBase.o)
                0x00009e38                ClearCore::SerialBase::Speed()
 .text._ZN9ClearCore10SerialBase6ParityEv
                0x00009e3c        0x4 C:\Users\emill\Documents\GitHub\pressboi\lib\libClearCore\Debug\libClearCore.a(SerialBase.o)
                0x00009e3c                ClearCore::SerialBase::Parity()
 .text._ZN9ClearCore10SerialBasecvbEv
                0x00009e40        0x4 C:\Users\emill\Documents\GitHub\pressboi\lib\libClearCore\Debug\libClearCore.a(SerialBase.o)
                0x00009e40                ClearCore::SerialBase::operator bool()
 .text._ZN9ClearCore10SerialBase10PortIsOpenEv
                0x00009e44        0x8 C:\Users\emill\Documents\GitHub\pressboi\lib\libClearCore\Debug\libClearCore.a(SerialBase.o)
                0x00009e44                ClearCore::SerialBase::PortIsOpen()
 .text._ZN9ClearCore10SerialBase5FlushEv
                0x00009e4c       0x10 C:\Users\emill\Documents\GitHub\pressboi\lib\libClearCore\Debug\libClearCore.a(SerialBase.o)
                0x00009e4c                ClearCore::SerialBase::Flush()
 .text._ZN9ClearCore10SerialBase10FlushInputEv
                0x00009e5c       0x14 C:\Users\emill\Documents\GitHub\pressboi\lib\libClearCore\Debug\libClearCore.a(SerialBase.o)
                0x00009e5c                ClearCore::SerialBase::FlushInput()
 .text._ZN9ClearCore10SerialBase7CharGetEv
                0x00009e70       0x38 C:\Users\emill\Documents\GitHub\pressboi\lib\libClearCore\Debug\libClearCore.a(SerialBase.o)
                0x00009e70                ClearCore::SerialBase::CharGet()
 .text._ZN9ClearCore10SerialBase8CharPeekEv
                0x00009ea8       0x1c C:\Users\emill\Documents\GitHub\pressboi\lib\libClearCore\Debug\libClearCore.a(SerialBase.o)
                0x00009ea8                ClearCore::SerialBase::CharPeek()
 .text._ZN9ClearCore10SerialBase16AvailableForReadEv
                0x00009ec4       0x10 C:\Users\emill\Documents\GitHub\pressboi\lib\libClearCore\Debug\libClearCore.a(SerialBase.o)
                0x00009ec4                ClearCore::SerialBase::AvailableForRead()
 .text._ZN9ClearCore10SerialBase17AvailableForWriteEv
                0x00009ed4       0x14 C:\Users\emill\Documents\GitHub\pressboi\lib\libClearCore\Debug\libClearCore.a(SerialBase.o)
                0x00009ed4                ClearCore::SerialBase::AvailableForWrite()
 .text._ZN9ClearCore10SerialBase8SendCharEh
                0x00009ee8       0x40 C:\Users\emill\Documents\GitHub\pressboi\lib\libClearCore\Debug\libClearCore.a(SerialBase.o)
                0x00009ee8                ClearCore::SerialBase::SendChar(unsigned char)
 .text._ZN9ClearCore10SerialBase19WaitForTransmitIdleEv
                0x00009f28       0x58 C:\Users\emill\Documents\GitHub\pressboi\lib\libClearCore\Debug\libClearCore.a(SerialBase.o)
                0x00009f28                ClearCore::SerialBase::WaitForTransmitIdle()
 .text._ZN9ClearCore10SerialBase5SpeedEm
                0x00009f80      0x154 C:\Users\emill\Documents\GitHub\pressboi\lib\libClearCore\Debug\libClearCore.a(SerialBase.o)
                0x00009f80                ClearCore::SerialBase::Speed(unsigned long)
 .text._ZN9ClearCore10SerialBase9PortCloseEv
                0x0000a0d4      0x118 C:\Users\emill\Documents\GitHub\pressboi\lib\libClearCore\Debug\libClearCore.a(SerialBase.o)
                0x0000a0d4                ClearCore::SerialBase::PortClose()
 .text._ZN9ClearCore10SerialBase6ParityENS_7ISerial9_ParitiesE
                0x0000a1ec       0xf0 C:\Users\emill\Documents\GitHub\pressboi\lib\libClearCore\Debug\libClearCore.a(SerialBase.o)
                0x0000a1ec                ClearCore::SerialBase::Parity(ClearCore::ISerial::_Parities)
 .text._ZN9ClearCore10SerialBase8CharSizeEh
                0x0000a2dc       0xe4 C:\Users\emill\Documents\GitHub\pressboi\lib\libClearCore\Debug\libClearCore.a(SerialBase.o)
                0x0000a2dc                ClearCore::SerialBase::CharSize(unsigned char)
 .text._ZN9ClearCore10SerialBase8StopBitsEh
                0x0000a3c0       0xdc C:\Users\emill\Documents\GitHub\pressboi\lib\libClearCore\Debug\libClearCore.a(SerialBase.o)
                0x0000a3c0                ClearCore::SerialBase::StopBits(unsigned char)
 .text._ZN9ClearCore10SerialBase8PortModeENS0_9PortModesE.part.9
                0x0000a49c      0x8dc C:\Users\emill\Documents\GitHub\pressboi\lib\libClearCore\Debug\libClearCore.a(SerialBase.o)
 .text._ZN9ClearCore10SerialBase8PortOpenEv
                0x0000ad78       0x18 C:\Users\emill\Documents\GitHub\pressboi\lib\libClearCore\Debug\libClearCore.a(SerialBase.o)
                0x0000ad78                ClearCore::SerialBase::PortOpen()
 .text._ZN9ClearCore10SerialBaseC2EPK15PeripheralRouteS3_S3_S3_h
                0x0000ad90       0x98 C:\Users\emill\Documents\GitHub\pressboi\lib\libClearCore\Debug\libClearCore.a(SerialBase.o)
                0x0000ad90                ClearCore::SerialBase::SerialBase(PeripheralRoute const*, PeripheralRoute const*, PeripheralRoute const*, PeripheralRoute const*, unsigned char)
                0x0000ad90                ClearCore::SerialBase::SerialBase(PeripheralRoute const*, PeripheralRoute const*, PeripheralRoute const*, PeripheralRoute const*, unsigned char)
 .text._ZN9ClearCore10SerialBase15WaitOneCharTimeEv
                0x0000ae28       0x24 C:\Users\emill\Documents\GitHub\pressboi\lib\libClearCore\Debug\libClearCore.a(SerialBase.o)
                0x0000ae28                ClearCore::SerialBase::WaitOneCharTime()
 .text._ZN9ClearCore10SerialBase8PortModeENS0_9PortModesE
                0x0000ae4c       0x18 C:\Users\emill\Documents\GitHub\pressboi\lib\libClearCore\Debug\libClearCore.a(SerialBase.o)
                0x0000ae4c                ClearCore::SerialBase::PortMode(ClearCore::SerialBase::PortModes)
 .text._ZN9ClearCore10SerialBase9SpiSsModeENS0_13CtrlLineModesE
                0x0000ae64       0x74 C:\Users\emill\Documents\GitHub\pressboi\lib\libClearCore\Debug\libClearCore.a(SerialBase.o)
                0x0000ae64                ClearCore::SerialBase::SpiSsMode(ClearCore::SerialBase::CtrlLineModes)
 .text._ZN9ClearCore10SerialBase8SpiClockENS0_18SpiClockPolaritiesENS0_14SpiClockPhasesE
                0x0000aed8       0xe0 C:\Users\emill\Documents\GitHub\pressboi\lib\libClearCore\Debug\libClearCore.a(SerialBase.o)
                0x0000aed8                ClearCore::SerialBase::SpiClock(ClearCore::SerialBase::SpiClockPolarities, ClearCore::SerialBase::SpiClockPhases)
 .text._ZN9ClearCore10SerialBase15SpiTransferDataEPKhPhl
                0x0000afb8       0x60 C:\Users\emill\Documents\GitHub\pressboi\lib\libClearCore\Debug\libClearCore.a(SerialBase.o)
                0x0000afb8                ClearCore::SerialBase::SpiTransferData(unsigned char const*, unsigned char*, long)
 .text._ZN9ClearCore10SerialBase20SpiTransferDataAsyncEPKhPhl
                0x0000b018       0xa4 C:\Users\emill\Documents\GitHub\pressboi\lib\libClearCore\Debug\libClearCore.a(SerialBase.o)
                0x0000b018                ClearCore::SerialBase::SpiTransferDataAsync(unsigned char const*, unsigned char*, long)
 .text._ZN9ClearCore10SerialBase20SpiAsyncWaitCompleteEv
                0x0000b0bc       0x3c C:\Users\emill\Documents\GitHub\pressboi\lib\libClearCore\Debug\libClearCore.a(SerialBase.o)
                0x0000b0bc                ClearCore::SerialBase::SpiAsyncWaitComplete()
 .text._ZN9ClearCore10SerialBase12IrqHandlerTxEv
                0x0000b0f8       0x50 C:\Users\emill\Documents\GitHub\pressboi\lib\libClearCore\Debug\libClearCore.a(SerialBase.o)
                0x0000b0f8                ClearCore::SerialBase::IrqHandlerTx()
 .text._ZN9ClearCore10SerialBase12IrqHandlerRxEv
                0x0000b148       0x78 C:\Users\emill\Documents\GitHub\pressboi\lib\libClearCore\Debug\libClearCore.a(SerialBase.o)
                0x0000b148                ClearCore::SerialBase::IrqHandlerRx()
 .text._ZN9ClearCore10SerialBase19IrqHandlerExceptionEv
                0x0000b1c0       0x6c C:\Users\emill\Documents\GitHub\pressboi\lib\libClearCore\Debug\libClearCore.a(SerialBase.o)
                0x0000b1c0                ClearCore::SerialBase::IrqHandlerException()
 .text._ZN9ClearCore9Connector17ExternalInterruptEv
                0x0000b22c        0x8 C:\Users\emill\Documents\GitHub\pressboi\lib\libClearCore\Debug\libClearCore.a(SerialDriver.o)
                0x0000b22c                ClearCore::Connector::ExternalInterrupt()
 .text._ZN9ClearCore12SerialDriver4ModeEv
                0x0000b234       0x10 C:\Users\emill\Documents\GitHub\pressboi\lib\libClearCore\Debug\libClearCore.a(SerialDriver.o)
                0x0000b234                ClearCore::SerialDriver::Mode()
                0x0000b23c                non-virtual thunk to ClearCore::SerialDriver::Mode()
 .text._ZN9ClearCore12SerialDriver4TypeEv
                0x0000b244        0xc C:\Users\emill\Documents\GitHub\pressboi\lib\libClearCore\Debug\libClearCore.a(SerialDriver.o)
                0x0000b244                ClearCore::SerialDriver::Type()
                0x0000b248                non-virtual thunk to ClearCore::SerialDriver::Type()
 .text._ZN9ClearCore12SerialDriver10IsWritableEv
                0x0000b250       0x10 C:\Users\emill\Documents\GitHub\pressboi\lib\libClearCore\Debug\libClearCore.a(SerialDriver.o)
                0x0000b250                ClearCore::SerialDriver::IsWritable()
                0x0000b258                non-virtual thunk to ClearCore::SerialDriver::IsWritable()
 .text._ZN9ClearCore12SerialDriver5StateEv
                0x0000b260       0x14 C:\Users\emill\Documents\GitHub\pressboi\lib\libClearCore\Debug\libClearCore.a(SerialDriver.o)
                0x0000b260                ClearCore::SerialDriver::State()
                0x0000b26c                non-virtual thunk to ClearCore::SerialDriver::State()
 .text._ZN9ClearCore12SerialDriver11IsInHwFaultEv
                0x0000b274        0xc C:\Users\emill\Documents\GitHub\pressboi\lib\libClearCore\Debug\libClearCore.a(SerialDriver.o)
                0x0000b274                ClearCore::SerialDriver::IsInHwFault()
                0x0000b278                non-virtual thunk to ClearCore::SerialDriver::IsInHwFault()
 .text._ZN9ClearCore12SerialDriver7RefreshEv
                0x0000b280        0xc C:\Users\emill\Documents\GitHub\pressboi\lib\libClearCore\Debug\libClearCore.a(SerialDriver.o)
                0x0000b280                ClearCore::SerialDriver::Refresh()
                0x0000b284                non-virtual thunk to ClearCore::SerialDriver::Refresh()
 .text._ZN9ClearCore12SerialDriverC2EtNS_13ShiftRegister5MasksES2_S2_PK15PeripheralRouteS5_S5_S5_h
                0x0000b28c       0x54 C:\Users\emill\Documents\GitHub\pressboi\lib\libClearCore\Debug\libClearCore.a(SerialDriver.o)
                0x0000b28c                ClearCore::SerialDriver::SerialDriver(unsigned short, ClearCore::ShiftRegister::Masks, ClearCore::ShiftRegister::Masks, ClearCore::ShiftRegister::Masks, PeripheralRoute const*, PeripheralRoute const*, PeripheralRoute const*, PeripheralRoute const*, unsigned char)
                0x0000b28c                ClearCore::SerialDriver::SerialDriver(unsigned short, ClearCore::ShiftRegister::Masks, ClearCore::ShiftRegister::Masks, ClearCore::ShiftRegister::Masks, PeripheralRoute const*, PeripheralRoute const*, PeripheralRoute const*, PeripheralRoute const*, unsigned char)
 .text._ZN9ClearCore12SerialDriver5SpeedEm
                0x0000b2e0       0x1c C:\Users\emill\Documents\GitHub\pressboi\lib\libClearCore\Debug\libClearCore.a(SerialDriver.o)
                0x0000b2e0                ClearCore::SerialDriver::Speed(unsigned long)
 .text._ZN9ClearCore12SerialDriver4ModeENS_9Connector14ConnectorModesE
                0x0000b2fc      0x14c C:\Users\emill\Documents\GitHub\pressboi\lib\libClearCore\Debug\libClearCore.a(SerialDriver.o)
                0x0000b2fc                ClearCore::SerialDriver::Mode(ClearCore::Connector::ConnectorModes)
 .text._ZThn324_N9ClearCore12SerialDriver4ModeENS_9Connector14ConnectorModesE
                0x0000b448        0x8 C:\Users\emill\Documents\GitHub\pressboi\lib\libClearCore\Debug\libClearCore.a(SerialDriver.o)
                0x0000b448                non-virtual thunk to ClearCore::SerialDriver::Mode(ClearCore::Connector::ConnectorModes)
 .text._ZN9ClearCore12SerialDriver8PortOpenEv
                0x0000b450       0x54 C:\Users\emill\Documents\GitHub\pressboi\lib\libClearCore\Debug\libClearCore.a(SerialDriver.o)
                0x0000b450                ClearCore::SerialDriver::PortOpen()
 .text._ZN9ClearCore12SerialDriver9PortCloseEv
                0x0000b4a4       0x4c C:\Users\emill\Documents\GitHub\pressboi\lib\libClearCore\Debug\libClearCore.a(SerialDriver.o)
                0x0000b4a4                ClearCore::SerialDriver::PortClose()
 .text._ZN9ClearCore12SerialDriver10InitializeE13ClearCorePins
                0x0000b4f0       0xf0 C:\Users\emill\Documents\GitHub\pressboi\lib\libClearCore\Debug\libClearCore.a(SerialDriver.o)
                0x0000b4f0                ClearCore::SerialDriver::Initialize(ClearCorePins)
 .text._ZThn324_N9ClearCore12SerialDriver10InitializeE13ClearCorePins
                0x0000b5e0        0x8 C:\Users\emill\Documents\GitHub\pressboi\lib\libClearCore\Debug\libClearCore.a(SerialDriver.o)
                0x0000b5e0                non-virtual thunk to ClearCore::SerialDriver::Initialize(ClearCorePins)
 .text._ZN9ClearCore12SerialDriver5StateEs
                0x0000b5e8       0xbc C:\Users\emill\Documents\GitHub\pressboi\lib\libClearCore\Debug\libClearCore.a(SerialDriver.o)
                0x0000b5e8                ClearCore::SerialDriver::State(short)
                0x0000b69c                non-virtual thunk to ClearCore::SerialDriver::State(short)
 .text._ZN9ClearCore9SerialUsb6ParityENS_7ISerial9_ParitiesE
                0x0000b6a4        0xc C:\Users\emill\Documents\GitHub\pressboi\lib\libClearCore\Debug\libClearCore.a(SerialUsb.o)
                0x0000b6a4                ClearCore::SerialUsb::Parity(ClearCore::ISerial::_Parities)
 .text._ZN9ClearCore9SerialUsb6ParityEv
                0x0000b6b0        0x4 C:\Users\emill\Documents\GitHub\pressboi\lib\libClearCore\Debug\libClearCore.a(SerialUsb.o)
                0x0000b6b0                ClearCore::SerialUsb::Parity()
 .text._ZN9ClearCore9SerialUsb8StopBitsEh
                0x0000b6b4        0xc C:\Users\emill\Documents\GitHub\pressboi\lib\libClearCore\Debug\libClearCore.a(SerialUsb.o)
                0x0000b6b4                ClearCore::SerialUsb::StopBits(unsigned char)
 .text._ZN9ClearCore9SerialUsb8CharSizeEh
                0x0000b6c0        0xc C:\Users\emill\Documents\GitHub\pressboi\lib\libClearCore\Debug\libClearCore.a(SerialUsb.o)
                0x0000b6c0                ClearCore::SerialUsb::CharSize(unsigned char)
 .text._ZN9ClearCore9SerialUsb4ModeEv
                0x0000b6cc        0xc C:\Users\emill\Documents\GitHub\pressboi\lib\libClearCore\Debug\libClearCore.a(SerialUsb.o)
                0x0000b6cc                ClearCore::SerialUsb::Mode()
                0x0000b6d0                non-virtual thunk to ClearCore::SerialUsb::Mode()
 .text._ZN9ClearCore9SerialUsb4ModeENS_9Connector14ConnectorModesE
                0x0000b6d8       0x14 C:\Users\emill\Documents\GitHub\pressboi\lib\libClearCore\Debug\libClearCore.a(SerialUsb.o)
                0x0000b6d8                ClearCore::SerialUsb::Mode(ClearCore::Connector::ConnectorModes)
                0x0000b6e4                non-virtual thunk to ClearCore::SerialUsb::Mode(ClearCore::Connector::ConnectorModes)
 .text._ZN9ClearCore9SerialUsb4TypeEv
                0x0000b6ec        0xc C:\Users\emill\Documents\GitHub\pressboi\lib\libClearCore\Debug\libClearCore.a(SerialUsb.o)
                0x0000b6ec                ClearCore::SerialUsb::Type()
                0x0000b6f0                non-virtual thunk to ClearCore::SerialUsb::Type()
 .text._ZN9ClearCore9SerialUsb11IsInHwFaultEv
                0x0000b6f8        0xc C:\Users\emill\Documents\GitHub\pressboi\lib\libClearCore\Debug\libClearCore.a(SerialUsb.o)
                0x0000b6f8                ClearCore::SerialUsb::IsInHwFault()
                0x0000b6fc                non-virtual thunk to ClearCore::SerialUsb::IsInHwFault()
 .text._ZN9ClearCore9SerialUsb10InitializeE13ClearCorePins
                0x0000b704       0x10 C:\Users\emill\Documents\GitHub\pressboi\lib\libClearCore\Debug\libClearCore.a(SerialUsb.o)
                0x0000b704                ClearCore::SerialUsb::Initialize(ClearCorePins)
                0x0000b70c                non-virtual thunk to ClearCore::SerialUsb::Initialize(ClearCorePins)
 .text._ZN9ClearCore9SerialUsb7RefreshEv
                0x0000b714        0xc C:\Users\emill\Documents\GitHub\pressboi\lib\libClearCore\Debug\libClearCore.a(SerialUsb.o)
                0x0000b714                ClearCore::SerialUsb::Refresh()
                0x0000b718                non-virtual thunk to ClearCore::SerialUsb::Refresh()
 .text._ZN9ClearCore9SerialUsb10FlushInputEv
                0x0000b720        0xc C:\Users\emill\Documents\GitHub\pressboi\lib\libClearCore\Debug\libClearCore.a(SerialUsb.o)
                0x0000b720                ClearCore::SerialUsb::FlushInput()
 .text._ZN9ClearCore9SerialUsb19WaitForTransmitIdleEv
                0x0000b72c        0xc C:\Users\emill\Documents\GitHub\pressboi\lib\libClearCore\Debug\libClearCore.a(SerialUsb.o)
                0x0000b72c                ClearCore::SerialUsb::WaitForTransmitIdle()
                0x0000b72c                ClearCore::SerialUsb::Flush()
 .text._ZN9ClearCore9SerialUsbcvbEv
                0x0000b738        0xc C:\Users\emill\Documents\GitHub\pressboi\lib\libClearCore\Debug\libClearCore.a(SerialUsb.o)
                0x0000b738                ClearCore::SerialUsb::PortIsOpen()
                0x0000b738                ClearCore::SerialUsb::operator bool()
 .text._ZN9ClearCore9SerialUsb8PortOpenEv
                0x0000b744        0xc C:\Users\emill\Documents\GitHub\pressboi\lib\libClearCore\Debug\libClearCore.a(SerialUsb.o)
                0x0000b744                ClearCore::SerialUsb::PortOpen()
 .text._ZN9ClearCore9SerialUsb9PortCloseEv
                0x0000b750        0xc C:\Users\emill\Documents\GitHub\pressboi\lib\libClearCore\Debug\libClearCore.a(SerialUsb.o)
                0x0000b750                ClearCore::SerialUsb::PortClose()
 .text._ZN9ClearCore9SerialUsb5SpeedEm
                0x0000b75c        0xc C:\Users\emill\Documents\GitHub\pressboi\lib\libClearCore\Debug\libClearCore.a(SerialUsb.o)
                0x0000b75c                ClearCore::SerialUsb::Speed(unsigned long)
 .text._ZN9ClearCore9SerialUsb5SpeedEv
                0x0000b768        0xc C:\Users\emill\Documents\GitHub\pressboi\lib\libClearCore\Debug\libClearCore.a(SerialUsb.o)
                0x0000b768                ClearCore::SerialUsb::Speed()
 .text._ZN9ClearCore9SerialUsb7CharGetEv
                0x0000b774        0xc C:\Users\emill\Documents\GitHub\pressboi\lib\libClearCore\Debug\libClearCore.a(SerialUsb.o)
                0x0000b774                ClearCore::SerialUsb::CharGet()
 .text._ZN9ClearCore9SerialUsb8CharPeekEv
                0x0000b780        0xc C:\Users\emill\Documents\GitHub\pressboi\lib\libClearCore\Debug\libClearCore.a(SerialUsb.o)
                0x0000b780                ClearCore::SerialUsb::CharPeek()
 .text._ZN9ClearCore9SerialUsb8SendCharEh
                0x0000b78c        0xc C:\Users\emill\Documents\GitHub\pressboi\lib\libClearCore\Debug\libClearCore.a(SerialUsb.o)
                0x0000b78c                ClearCore::SerialUsb::SendChar(unsigned char)
 .text._ZN9ClearCore9SerialUsb16AvailableForReadEv
                0x0000b798        0xc C:\Users\emill\Documents\GitHub\pressboi\lib\libClearCore\Debug\libClearCore.a(SerialUsb.o)
                0x0000b798                ClearCore::SerialUsb::AvailableForRead()
 .text._ZN9ClearCore9SerialUsb17AvailableForWriteEv
                0x0000b7a4        0xc C:\Users\emill\Documents\GitHub\pressboi\lib\libClearCore\Debug\libClearCore.a(SerialUsb.o)
                0x0000b7a4                ClearCore::SerialUsb::AvailableForWrite()
 .text._ZN9ClearCore9SerialUsb10IsWritableEv
                0x0000b7b0       0x24 C:\Users\emill\Documents\GitHub\pressboi\lib\libClearCore\Debug\libClearCore.a(SerialUsb.o)
                0x0000b7b0                ClearCore::SerialUsb::IsWritable()
                0x0000b7cc                non-virtual thunk to ClearCore::SerialUsb::IsWritable()
 .text._ZN9ClearCore9SerialUsb5StateEv
                0x0000b7d4       0x30 C:\Users\emill\Documents\GitHub\pressboi\lib\libClearCore\Debug\libClearCore.a(SerialUsb.o)
                0x0000b7d4                ClearCore::SerialUsb::State()
                0x0000b7fc                non-virtual thunk to ClearCore::SerialUsb::State()
 .text._ZN9ClearCore9SerialUsb5StateEs
                0x0000b804       0x48 C:\Users\emill\Documents\GitHub\pressboi\lib\libClearCore\Debug\libClearCore.a(SerialUsb.o)
                0x0000b804                ClearCore::SerialUsb::State(short)
                0x0000b844                non-virtual thunk to ClearCore::SerialUsb::State(short)
 .text._ZN9ClearCore9LedDriver4ModeEv
                0x0000b84c        0x4 C:\Users\emill\Documents\GitHub\pressboi\lib\libClearCore\Debug\libClearCore.a(LedDriver.o)
                0x0000b84c                ClearCore::LedDriver::Mode()
 .text._ZN9ClearCore9LedDriver4ModeENS_9Connector14ConnectorModesE
                0x0000b850        0xc C:\Users\emill\Documents\GitHub\pressboi\lib\libClearCore\Debug\libClearCore.a(LedDriver.o)
                0x0000b850                ClearCore::LedDriver::Mode(ClearCore::Connector::ConnectorModes)
 .text._ZN9ClearCore9LedDriver4TypeEv
                0x0000b85c        0x4 C:\Users\emill\Documents\GitHub\pressboi\lib\libClearCore\Debug\libClearCore.a(LedDriver.o)
                0x0000b85c                ClearCore::LedDriver::Type()
 .text._ZN9ClearCore9LedDriver10IsWritableEv
                0x0000b860        0x4 C:\Users\emill\Documents\GitHub\pressboi\lib\libClearCore\Debug\libClearCore.a(LedDriver.o)
                0x0000b860                ClearCore::LedDriver::IsWritable()
 .text._ZN9ClearCore9LedDriver11IsInHwFaultEv
                0x0000b864        0x4 C:\Users\emill\Documents\GitHub\pressboi\lib\libClearCore\Debug\libClearCore.a(LedDriver.o)
                0x0000b864                ClearCore::LedDriver::IsInHwFault()
 .text._ZN9ClearCore9LedDriver7RefreshEv
                0x0000b868        0x4 C:\Users\emill\Documents\GitHub\pressboi\lib\libClearCore\Debug\libClearCore.a(LedDriver.o)
                0x0000b868                ClearCore::LedDriver::Refresh()
 .text._ZN9ClearCore9LedDriver10InitializeE13ClearCorePins
                0x0000b86c        0x8 C:\Users\emill\Documents\GitHub\pressboi\lib\libClearCore\Debug\libClearCore.a(LedDriver.o)
                0x0000b86c                ClearCore::LedDriver::Initialize(ClearCorePins)
 .text._ZN9ClearCore9LedDriver5StateEv
                0x0000b874       0x18 C:\Users\emill\Documents\GitHub\pressboi\lib\libClearCore\Debug\libClearCore.a(LedDriver.o)
                0x0000b874                ClearCore::LedDriver::State()
 .text._ZN9ClearCore9LedDriver5StateEs
                0x0000b88c       0x44 C:\Users\emill\Documents\GitHub\pressboi\lib\libClearCore\Debug\libClearCore.a(LedDriver.o)
                0x0000b88c                ClearCore::LedDriver::State(short)
 .text._ZN9ClearCore9LedDriverC2ENS_13ShiftRegister5MasksE
                0x0000b8d0       0x18 C:\Users\emill\Documents\GitHub\pressboi\lib\libClearCore\Debug\libClearCore.a(LedDriver.o)
                0x0000b8d0                ClearCore::LedDriver::LedDriver(ClearCore::ShiftRegister::Masks)
                0x0000b8d0                ClearCore::LedDriver::LedDriver(ClearCore::ShiftRegister::Masks)
 .text._ZN9ClearCore10UsbManager18CBLineStateChangedE22usb_cdc_control_signal
                0x0000b8e8       0x80 C:\Users\emill\Documents\GitHub\pressboi\lib\libClearCore\Debug\libClearCore.a(UsbManager.o)
                0x0000b8e8                ClearCore::UsbManager::CBLineStateChanged(usb_cdc_control_signal)
 .text._ZN9ClearCore10UsbManager10RxCompleteEh13usb_xfer_codem
                0x0000b968      0x238 C:\Users\emill\Documents\GitHub\pressboi\lib\libClearCore\Debug\libClearCore.a(UsbManager.o)
                0x0000b968                ClearCore::UsbManager::RxComplete(unsigned char, usb_xfer_code, unsigned long)
 .text._ZN9ClearCore10UsbManager10TxCompleteEh13usb_xfer_codem
                0x0000bba0      0x3d0 C:\Users\emill\Documents\GitHub\pressboi\lib\libClearCore\Debug\libClearCore.a(UsbManager.o)
                0x0000bba0                ClearCore::UsbManager::TxComplete(unsigned char, usb_xfer_code, unsigned long)
 .text._ZN9ClearCore10UsbManager8InstanceEv
                0x0000bf70       0x68 C:\Users\emill\Documents\GitHub\pressboi\lib\libClearCore\Debug\libClearCore.a(UsbManager.o)
                0x0000bf70                ClearCore::UsbManager::Instance()
 .text._ZN9ClearCore10UsbManager10InitializeEv
                0x0000bfd8      0x460 C:\Users\emill\Documents\GitHub\pressboi\lib\libClearCore\Debug\libClearCore.a(UsbManager.o)
                0x0000bfd8                ClearCore::UsbManager::Initialize()
 .text._ZN9ClearCore10UsbManager5SpeedEm
                0x0000c438        0x4 C:\Users\emill\Documents\GitHub\pressboi\lib\libClearCore\Debug\libClearCore.a(UsbManager.o)
                0x0000c438                ClearCore::UsbManager::Speed(unsigned long)
 .text._ZN9ClearCore10UsbManager5SpeedEv
                0x0000c43c        0xc C:\Users\emill\Documents\GitHub\pressboi\lib\libClearCore\Debug\libClearCore.a(UsbManager.o)
                0x0000c43c                ClearCore::UsbManager::Speed()
 .text._ZN9ClearCore10UsbManager8PortOpenEv
                0x0000c448       0x38 C:\Users\emill\Documents\GitHub\pressboi\lib\libClearCore\Debug\libClearCore.a(UsbManager.o)
                0x0000c448                ClearCore::UsbManager::PortOpen()
 .text._ZN9ClearCore10UsbManager10FlushInputEv
                0x0000c480       0x1c C:\Users\emill\Documents\GitHub\pressboi\lib\libClearCore\Debug\libClearCore.a(UsbManager.o)
                0x0000c480                ClearCore::UsbManager::FlushInput()
 .text._ZN9ClearCore10UsbManager18WaitForWriteFinishEv
                0x0000c49c       0x34 C:\Users\emill\Documents\GitHub\pressboi\lib\libClearCore\Debug\libClearCore.a(UsbManager.o)
                0x0000c49c                ClearCore::UsbManager::WaitForWriteFinish()
 .text._ZN9ClearCore10UsbManagercvbEv
                0x0000c4d0       0x3c C:\Users\emill\Documents\GitHub\pressboi\lib\libClearCore\Debug\libClearCore.a(UsbManager.o)
                0x0000c4d0                ClearCore::UsbManager::operator bool()
 .text._ZN9ClearCore10UsbManager7CharGetEv
                0x0000c50c      0x258 C:\Users\emill\Documents\GitHub\pressboi\lib\libClearCore\Debug\libClearCore.a(UsbManager.o)
                0x0000c50c                ClearCore::UsbManager::CharGet()
 .text._ZN9ClearCore10UsbManager8CharPeekEv
                0x0000c764       0x18 C:\Users\emill\Documents\GitHub\pressboi\lib\libClearCore\Debug\libClearCore.a(UsbManager.o)
                0x0000c764                ClearCore::UsbManager::CharPeek()
 .text._ZN9ClearCore10UsbManager8SendCharEh
                0x0000c77c       0x68 C:\Users\emill\Documents\GitHub\pressboi\lib\libClearCore\Debug\libClearCore.a(UsbManager.o)
                0x0000c77c                ClearCore::UsbManager::SendChar(unsigned char)
 .text._ZN9ClearCore10UsbManager16AvailableForReadEv
                0x0000c7e4       0x10 C:\Users\emill\Documents\GitHub\pressboi\lib\libClearCore\Debug\libClearCore.a(UsbManager.o)
                0x0000c7e4                ClearCore::UsbManager::AvailableForRead()
 .text._ZN9ClearCore10UsbManager17AvailableForWriteEv
                0x0000c7f4       0x14 C:\Users\emill\Documents\GitHub\pressboi\lib\libClearCore\Debug\libClearCore.a(UsbManager.o)
                0x0000c7f4                ClearCore::UsbManager::AvailableForWrite()
 .text._ZN9ClearCore10UsbManager6TxPumpEv
                0x0000c808      0x3f4 C:\Users\emill\Documents\GitHub\pressboi\lib\libClearCore\Debug\libClearCore.a(UsbManager.o)
                0x0000c808                ClearCore::UsbManager::TxPump()
 .text._ZN9ClearCore10UsbManager9PortCloseEv
                0x0000cbfc       0x70 C:\Users\emill\Documents\GitHub\pressboi\lib\libClearCore\Debug\libClearCore.a(UsbManager.o)
                0x0000cbfc                ClearCore::UsbManager::PortClose()
 .text._ZN9ClearCore10UsbManager7RefreshEv
                0x0000cc6c      0x3f4 C:\Users\emill\Documents\GitHub\pressboi\lib\libClearCore\Debug\libClearCore.a(UsbManager.o)
                0x0000cc6c                ClearCore::UsbManager::Refresh()
 .text.startup._GLOBAL__sub_I__ZN9ClearCore6UsbMgrE
                0x0000d060       0x10 C:\Users\emill\Documents\GitHub\pressboi\lib\libClearCore\Debug\libClearCore.a(UsbManager.o)
 .text._ZN9ClearCore11MotorDriverC2Ev
                0x0000d070       0x44 C:\Users\emill\Documents\GitHub\pressboi\lib\libClearCore\Debug\libClearCore.a(SysManager.o)
                0x0000d070                ClearCore::MotorDriver::MotorDriver()
                0x0000d070                ClearCore::MotorDriver::MotorDriver()
 .text._ZN9ClearCore10SysManagerC2Ev
                0x0000d0b4     0x1784 C:\Users\emill\Documents\GitHub\pressboi\lib\libClearCore\Debug\libClearCore.a(SysManager.o)
                0x0000d0b4                ClearCore::SysManager::SysManager()
                0x0000d0b4                ClearCore::SysManager::SysManager()
 .text._ZN9ClearCore10SysManager16ConnectorByIndexE13ClearCorePins
                0x0000e838       0x1c C:\Users\emill\Documents\GitHub\pressboi\lib\libClearCore\Debug\libClearCore.a(SysManager.o)
                0x0000e838                ClearCore::SysManager::ConnectorByIndex(ClearCorePins)
 .text._ZN9ClearCore10SysManager10InitClocksEv
                0x0000e854      0x2dc C:\Users\emill\Documents\GitHub\pressboi\lib\libClearCore\Debug\libClearCore.a(SysManager.o)
                0x0000e854                ClearCore::SysManager::InitClocks()
 .text._ZN9ClearCore10SysManager10InitializeEv
                0x0000eb30      0x280 C:\Users\emill\Documents\GitHub\pressboi\lib\libClearCore\Debug\libClearCore.a(SysManager.o)
                0x0000eb30                ClearCore::SysManager::Initialize()
 .text._ZN9ClearCore10SysManager10ResetBoardENS0_10ResetModesE
                0x0000edb0       0x38 C:\Users\emill\Documents\GitHub\pressboi\lib\libClearCore\Debug\libClearCore.a(SysManager.o)
                0x0000edb0                ClearCore::SysManager::ResetBoard(ClearCore::SysManager::ResetModes)
 .text.GMAC_Handler
                0x0000ede8        0xc C:\Users\emill\Documents\GitHub\pressboi\lib\libClearCore\Debug\libClearCore.a(SysManager.o)
                0x0000ede8                GMAC_Handler
 .text.SERCOM0_0_Handler
                0x0000edf4        0xc C:\Users\emill\Documents\GitHub\pressboi\lib\libClearCore\Debug\libClearCore.a(SysManager.o)
                0x0000edf4                SERCOM0_0_Handler
 .text.SERCOM0_2_Handler
                0x0000ee00        0xc C:\Users\emill\Documents\GitHub\pressboi\lib\libClearCore\Debug\libClearCore.a(SysManager.o)
                0x0000ee00                SERCOM0_2_Handler
 .text.SERCOM0_3_Handler
                0x0000ee0c        0xc C:\Users\emill\Documents\GitHub\pressboi\lib\libClearCore\Debug\libClearCore.a(SysManager.o)
                0x0000ee0c                SERCOM0_3_Handler
 .text.SERCOM2_0_Handler
                0x0000ee18        0xc C:\Users\emill\Documents\GitHub\pressboi\lib\libClearCore\Debug\libClearCore.a(SysManager.o)
                0x0000ee18                SERCOM2_0_Handler
 .text.SERCOM2_2_Handler
                0x0000ee24        0xc C:\Users\emill\Documents\GitHub\pressboi\lib\libClearCore\Debug\libClearCore.a(SysManager.o)
                0x0000ee24                SERCOM2_2_Handler
 .text.SERCOM2_3_Handler
                0x0000ee30        0xc C:\Users\emill\Documents\GitHub\pressboi\lib\libClearCore\Debug\libClearCore.a(SysManager.o)
                0x0000ee30                SERCOM2_3_Handler
 .text.SERCOM7_0_Handler
                0x0000ee3c        0xc C:\Users\emill\Documents\GitHub\pressboi\lib\libClearCore\Debug\libClearCore.a(SysManager.o)
                0x0000ee3c                SERCOM7_0_Handler
 .text.SERCOM7_2_Handler
                0x0000ee48        0xc C:\Users\emill\Documents\GitHub\pressboi\lib\libClearCore\Debug\libClearCore.a(SysManager.o)
                0x0000ee48                SERCOM7_2_Handler
 .text.SERCOM7_3_Handler
                0x0000ee54        0xc C:\Users\emill\Documents\GitHub\pressboi\lib\libClearCore\Debug\libClearCore.a(SysManager.o)
                0x0000ee54                SERCOM7_3_Handler
 .text.EIC_0_Handler
                0x0000ee60       0x10 C:\Users\emill\Documents\GitHub\pressboi\lib\libClearCore\Debug\libClearCore.a(SysManager.o)
                0x0000ee60                EIC_0_Handler
 .text.EIC_1_Handler
                0x0000ee70       0x10 C:\Users\emill\Documents\GitHub\pressboi\lib\libClearCore\Debug\libClearCore.a(SysManager.o)
                0x0000ee70                EIC_1_Handler
 .text.EIC_2_Handler
                0x0000ee80       0x10 C:\Users\emill\Documents\GitHub\pressboi\lib\libClearCore\Debug\libClearCore.a(SysManager.o)
                0x0000ee80                EIC_2_Handler
 .text.EIC_3_Handler
                0x0000ee90       0x10 C:\Users\emill\Documents\GitHub\pressboi\lib\libClearCore\Debug\libClearCore.a(SysManager.o)
                0x0000ee90                EIC_3_Handler
 .text.EIC_4_Handler
                0x0000eea0       0x10 C:\Users\emill\Documents\GitHub\pressboi\lib\libClearCore\Debug\libClearCore.a(SysManager.o)
                0x0000eea0                EIC_4_Handler
 .text.EIC_5_Handler
                0x0000eeb0       0x10 C:\Users\emill\Documents\GitHub\pressboi\lib\libClearCore\Debug\libClearCore.a(SysManager.o)
                0x0000eeb0                EIC_5_Handler
 .text.EIC_6_Handler
                0x0000eec0       0x10 C:\Users\emill\Documents\GitHub\pressboi\lib\libClearCore\Debug\libClearCore.a(SysManager.o)
                0x0000eec0                EIC_6_Handler
 .text.EIC_7_Handler
                0x0000eed0       0x10 C:\Users\emill\Documents\GitHub\pressboi\lib\libClearCore\Debug\libClearCore.a(SysManager.o)
                0x0000eed0                EIC_7_Handler
 .text.EIC_8_Handler
                0x0000eee0       0x10 C:\Users\emill\Documents\GitHub\pressboi\lib\libClearCore\Debug\libClearCore.a(SysManager.o)
                0x0000eee0                EIC_8_Handler
 .text.EIC_9_Handler
                0x0000eef0       0x10 C:\Users\emill\Documents\GitHub\pressboi\lib\libClearCore\Debug\libClearCore.a(SysManager.o)
                0x0000eef0                EIC_9_Handler
 .text.EIC_10_Handler
                0x0000ef00       0x10 C:\Users\emill\Documents\GitHub\pressboi\lib\libClearCore\Debug\libClearCore.a(SysManager.o)
                0x0000ef00                EIC_10_Handler
 .text.EIC_11_Handler
                0x0000ef10       0x10 C:\Users\emill\Documents\GitHub\pressboi\lib\libClearCore\Debug\libClearCore.a(SysManager.o)
                0x0000ef10                EIC_11_Handler
 .text.EIC_12_Handler
                0x0000ef20        0xc C:\Users\emill\Documents\GitHub\pressboi\lib\libClearCore\Debug\libClearCore.a(SysManager.o)
                0x0000ef20                EIC_12_Handler
 .text.EIC_13_Handler
                0x0000ef2c       0x10 C:\Users\emill\Documents\GitHub\pressboi\lib\libClearCore\Debug\libClearCore.a(SysManager.o)
                0x0000ef2c                EIC_13_Handler
 .text.EIC_14_Handler
                0x0000ef3c       0x10 C:\Users\emill\Documents\GitHub\pressboi\lib\libClearCore\Debug\libClearCore.a(SysManager.o)
                0x0000ef3c                EIC_14_Handler
 .text.EIC_15_Handler
                0x0000ef4c       0x10 C:\Users\emill\Documents\GitHub\pressboi\lib\libClearCore\Debug\libClearCore.a(SysManager.o)
                0x0000ef4c                EIC_15_Handler
 .text.TCC3_0_Handler
                0x0000ef5c       0x18 C:\Users\emill\Documents\GitHub\pressboi\lib\libClearCore\Debug\libClearCore.a(SysManager.o)
                0x0000ef5c                TCC3_0_Handler
 .text.TCC4_0_Handler
                0x0000ef74       0x18 C:\Users\emill\Documents\GitHub\pressboi\lib\libClearCore\Debug\libClearCore.a(SysManager.o)
                0x0000ef74                TCC4_0_Handler
 .text.SysTick_Handler
                0x0000ef8c       0x54 C:\Users\emill\Documents\GitHub\pressboi\lib\libClearCore\Debug\libClearCore.a(SysManager.o)
                0x0000ef8c                SysTick_Handler
 .text.TCC0_0_Handler
                0x0000efe0      0x110 C:\Users\emill\Documents\GitHub\pressboi\lib\libClearCore\Debug\libClearCore.a(SysManager.o)
                0x0000efe0                TCC0_0_Handler
 .text.Reset_Handler
                0x0000f0f0       0x68 C:\Users\emill\Documents\GitHub\pressboi\lib\libClearCore\Debug\libClearCore.a(SysManager.o)
                0x0000f0f0                Reset_Handler
 .text.startup._GLOBAL__sub_I__ZN9ClearCore11FastSysTickE
                0x0000f158      0x1e8 C:\Users\emill\Documents\GitHub\pressboi\lib\libClearCore\Debug\libClearCore.a(SysManager.o)
 .text._ZN9ClearCore10NvmManager8InstanceEv
                0x0000f340       0x4c C:\Users\emill\Documents\GitHub\pressboi\lib\libClearCore\Debug\libClearCore.a(NvmManager.o)
                0x0000f340                ClearCore::NvmManager::Instance()
 .text._ZN9ClearCore10NvmManager5Int16ENS0_12NvmLocationsE
                0x0000f38c       0x14 C:\Users\emill\Documents\GitHub\pressboi\lib\libClearCore\Debug\libClearCore.a(NvmManager.o)
                0x0000f38c                ClearCore::NvmManager::Int16(ClearCore::NvmManager::NvmLocations)
 .text._ZN9ClearCore10NvmManager5Int32ENS0_12NvmLocationsE
                0x0000f3a0       0x10 C:\Users\emill\Documents\GitHub\pressboi\lib\libClearCore\Debug\libClearCore.a(NvmManager.o)
                0x0000f3a0                ClearCore::NvmManager::Int32(ClearCore::NvmManager::NvmLocations)
 .text._ZN9ClearCore10NvmManager15WriteCacheToNvmEv
                0x0000f3b0      0x168 C:\Users\emill\Documents\GitHub\pressboi\lib\libClearCore\Debug\libClearCore.a(NvmManager.o)
                0x0000f3b0                ClearCore::NvmManager::WriteCacheToNvm()
 .text._ZN9ClearCore10NvmManager5Int32ENS0_12NvmLocationsEl
                0x0000f518       0x54 C:\Users\emill\Documents\GitHub\pressboi\lib\libClearCore\Debug\libClearCore.a(NvmManager.o)
                0x0000f518                ClearCore::NvmManager::Int32(ClearCore::NvmManager::NvmLocations, long)
 .text._ZN9ClearCore10NvmManager10MacAddressEPh
                0x0000f56c       0x48 C:\Users\emill\Documents\GitHub\pressboi\lib\libClearCore\Debug\libClearCore.a(NvmManager.o)
                0x0000f56c                ClearCore::NvmManager::MacAddress(unsigned char*)
 .text.startup._GLOBAL__sub_I__ZN9ClearCore6NvmMgrE
                0x0000f5b4       0x10 C:\Users\emill\Documents\GitHub\pressboi\lib\libClearCore\Debug\libClearCore.a(NvmManager.o)
 .text._ZN9ClearCore9SysTiming8InstanceEv
                0x0000f5c4       0x48 C:\Users\emill\Documents\GitHub\pressboi\lib\libClearCore\Debug\libClearCore.a(SysTiming.o)
                0x0000f5c4                ClearCore::SysTiming::Instance()
 .text._ZN9ClearCore9SysTiming8IsrStartEv
                0x0000f60c        0xc C:\Users\emill\Documents\GitHub\pressboi\lib\libClearCore\Debug\libClearCore.a(SysTiming.o)
                0x0000f60c                ClearCore::SysTiming::IsrStart()
 .text._ZN9ClearCore9SysTiming6IsrEndEv
                0x0000f618       0x20 C:\Users\emill\Documents\GitHub\pressboi\lib\libClearCore\Debug\libClearCore.a(SysTiming.o)
                0x0000f618                ClearCore::SysTiming::IsrEnd()
 .text._ZN9ClearCore9SysTiming6UpdateEv
                0x0000f638       0x78 C:\Users\emill\Documents\GitHub\pressboi\lib\libClearCore\Debug\libClearCore.a(SysTiming.o)
                0x0000f638                ClearCore::SysTiming::Update()
 .text._ZN9ClearCore9SysTiming21SysTickPeriodMicroSecEm
                0x0000f6b0       0x4c C:\Users\emill\Documents\GitHub\pressboi\lib\libClearCore\Debug\libClearCore.a(SysTiming.o)
                0x0000f6b0                ClearCore::SysTiming::SysTickPeriodMicroSec(unsigned long)
 .text.Milliseconds
                0x0000f6fc        0xc C:\Users\emill\Documents\GitHub\pressboi\lib\libClearCore\Debug\libClearCore.a(SysTiming.o)
                0x0000f6fc                Milliseconds
 .text.Microseconds
                0x0000f708       0x48 C:\Users\emill\Documents\GitHub\pressboi\lib\libClearCore\Debug\libClearCore.a(SysTiming.o)
                0x0000f708                Microseconds
 .text.Delay_cycles
                0x0000f750       0x3c C:\Users\emill\Documents\GitHub\pressboi\lib\libClearCore\Debug\libClearCore.a(SysTiming.o)
                0x0000f750                Delay_cycles
 .text.startup._GLOBAL__sub_I__ZN9ClearCore7tickCntE
                0x0000f78c       0x10 C:\Users\emill\Documents\GitHub\pressboi\lib\libClearCore\Debug\libClearCore.a(SysTiming.o)
 .text._Z15ethernetif_initP5netif
                0x0000f79c       0x5c C:\Users\emill\Documents\GitHub\pressboi\lib\libClearCore\Debug\libClearCore.a(EthernetManager.o)
                0x0000f79c                ethernetif_init(netif*)
 .text._ZL11PacketWriteP6ethIntPhm.isra.0
                0x0000f7f8      0x118 C:\Users\emill\Documents\GitHub\pressboi\lib\libClearCore\Debug\libClearCore.a(EthernetManager.o)
 .text._ZL16low_level_outputP5netifP4pbuf
                0x0000f910       0x6c C:\Users\emill\Documents\GitHub\pressboi\lib\libClearCore\Debug\libClearCore.a(EthernetManager.o)
 .text._Z10PacketReadP6ethIntPhm
                0x0000f97c       0xfc C:\Users\emill\Documents\GitHub\pressboi\lib\libClearCore\Debug\libClearCore.a(EthernetManager.o)
                0x0000f97c                PacketRead(ethInt*, unsigned char*, unsigned long)
 .text._ZN9ClearCore15EthernetManager8InstanceEv
                0x0000fa78       0xe8 C:\Users\emill\Documents\GitHub\pressboi\lib\libClearCore\Debug\libClearCore.a(EthernetManager.o)
                0x0000fa78                ClearCore::EthernetManager::Instance()
 .text._ZN9ClearCore15EthernetManager13PhyInitializeEv
                0x0000fb60      0x110 C:\Users\emill\Documents\GitHub\pressboi\lib\libClearCore\Debug\libClearCore.a(EthernetManager.o)
                0x0000fb60                ClearCore::EthernetManager::PhyInitialize()
 .text._ZN9ClearCore15EthernetManager10InitializeEv
                0x0000fc70      0x578 C:\Users\emill\Documents\GitHub\pressboi\lib\libClearCore\Debug\libClearCore.a(EthernetManager.o)
                0x0000fc70                ClearCore::EthernetManager::Initialize()
 .text._ZN9ClearCore15EthernetManager13IrqHandlerPhyEv
                0x000101e8      0x378 C:\Users\emill\Documents\GitHub\pressboi\lib\libClearCore\Debug\libClearCore.a(EthernetManager.o)
                0x000101e8                ClearCore::EthernetManager::IrqHandlerPhy()
 .text._ZN9ClearCore15EthernetManager14IrqHandlerGmacEv
                0x00010560       0x34 C:\Users\emill\Documents\GitHub\pressboi\lib\libClearCore\Debug\libClearCore.a(EthernetManager.o)
                0x00010560                ClearCore::EthernetManager::IrqHandlerGmac()
 .text._ZN9ClearCore15EthernetManager7LocalIpEv
                0x00010594        0x8 C:\Users\emill\Documents\GitHub\pressboi\lib\libClearCore\Debug\libClearCore.a(EthernetManager.o)
                0x00010594                ClearCore::EthernetManager::LocalIp()
 .text._ZN9ClearCore15EthernetManager5SetupEv
                0x0001059c       0x88 C:\Users\emill\Documents\GitHub\pressboi\lib\libClearCore\Debug\libClearCore.a(EthernetManager.o)
                0x0001059c                ClearCore::EthernetManager::Setup()
 .text._ZN9ClearCore15EthernetManager7RefreshEv
                0x00010624       0xbc C:\Users\emill\Documents\GitHub\pressboi\lib\libClearCore\Debug\libClearCore.a(EthernetManager.o)
                0x00010624                ClearCore::EthernetManager::Refresh()
 .text._ZN9ClearCore15EthernetManager9DhcpBeginEv
                0x000106e0       0x8c C:\Users\emill\Documents\GitHub\pressboi\lib\libClearCore\Debug\libClearCore.a(EthernetManager.o)
                0x000106e0                ClearCore::EthernetManager::DhcpBegin()
 .text.startup._GLOBAL__sub_I__Z12PacketLengthP6ethInt
                0x0001076c       0x10 C:\Users\emill\Documents\GitHub\pressboi\lib\libClearCore\Debug\libClearCore.a(EthernetManager.o)
 .text._ZN9ClearCore13ShiftRegisterC2Ev
                0x0001077c      0x124 C:\Users\emill\Documents\GitHub\pressboi\lib\libClearCore\Debug\libClearCore.a(ShiftRegister.o)
                0x0001077c                ClearCore::ShiftRegister::ShiftRegister()
                0x0001077c                ClearCore::ShiftRegister::ShiftRegister()
 .text._ZN9ClearCore13ShiftRegister10InitializeEv
                0x000108a0      0x1a4 C:\Users\emill\Documents\GitHub\pressboi\lib\libClearCore\Debug\libClearCore.a(ShiftRegister.o)
                0x000108a0                ClearCore::ShiftRegister::Initialize()
 .text._ZN9ClearCore13ShiftRegister6UpdateEv
                0x00010a44      0x414 C:\Users\emill\Documents\GitHub\pressboi\lib\libClearCore\Debug\libClearCore.a(ShiftRegister.o)
                0x00010a44                ClearCore::ShiftRegister::Update()
 .text._ZN9ClearCore13ShiftRegister18DiagnosticLedSweepEv
                0x00010e58      0x148 C:\Users\emill\Documents\GitHub\pressboi\lib\libClearCore\Debug\libClearCore.a(ShiftRegister.o)
                0x00010e58                ClearCore::ShiftRegister::DiagnosticLedSweep()
 .text._ZN9ClearCore12MotorManager8InstanceEv
                0x00010fa0       0x44 C:\Users\emill\Documents\GitHub\pressboi\lib\libClearCore\Debug\libClearCore.a(MotorManager.o)
                0x00010fa0                ClearCore::MotorManager::Instance()
 .text._ZN9ClearCore12MotorManager18MotorInputClockingENS0_15MotorClockRatesE
                0x00010fe4      0x120 C:\Users\emill\Documents\GitHub\pressboi\lib\libClearCore\Debug\libClearCore.a(MotorManager.o)
                0x00010fe4                ClearCore::MotorManager::MotorInputClocking(ClearCore::MotorManager::MotorClockRates)
 .text._ZN9ClearCore12MotorManager12MotorModeSetENS0_9MotorPairENS_9Connector14ConnectorModesE
                0x00011104       0xec C:\Users\emill\Documents\GitHub\pressboi\lib\libClearCore\Debug\libClearCore.a(MotorManager.o)
                0x00011104                ClearCore::MotorManager::MotorModeSet(ClearCore::MotorManager::MotorPair, ClearCore::Connector::ConnectorModes)
 .text._ZN9ClearCore12MotorManager10InitializeEv
                0x000111f0      0x10c C:\Users\emill\Documents\GitHub\pressboi\lib\libClearCore\Debug\libClearCore.a(MotorManager.o)
                0x000111f0                ClearCore::MotorManager::Initialize()
 .text.startup._GLOBAL__sub_I__ZN9ClearCore8MotorMgrE
                0x000112fc       0x10 C:\Users\emill\Documents\GitHub\pressboi\lib\libClearCore\Debug\libClearCore.a(MotorManager.o)
 .text._ZN9ClearCore13StepGenerator4MoveElNS0_10MoveTargetE
                0x0001130c       0x74 C:\Users\emill\Documents\GitHub\pressboi\lib\libClearCore\Debug\libClearCore.a(StepGenerator.o)
                0x0001130c                ClearCore::StepGenerator::Move(long, ClearCore::StepGenerator::MoveTarget)
 .text._ZN9ClearCore13StepGenerator12MoveVelocityEl
                0x00011380       0x94 C:\Users\emill\Documents\GitHub\pressboi\lib\libClearCore\Debug\libClearCore.a(StepGenerator.o)
                0x00011380                ClearCore::StepGenerator::MoveVelocity(long)
 .text._ZN9ClearCore13StepGenerator15StepsCalculatedEv
                0x00011414      0x4ec C:\Users\emill\Documents\GitHub\pressboi\lib\libClearCore\Debug\libClearCore.a(StepGenerator.o)
                0x00011414                ClearCore::StepGenerator::StepsCalculated()
 .text._ZN9ClearCore13StepGeneratorC2Ev
                0x00011900       0x64 C:\Users\emill\Documents\GitHub\pressboi\lib\libClearCore\Debug\libClearCore.a(StepGenerator.o)
                0x00011900                ClearCore::StepGenerator::StepGenerator()
                0x00011900                ClearCore::StepGenerator::StepGenerator()
 .text._ZN9ClearCore13StepGenerator14MoveStopAbruptEv
                0x00011964       0x34 C:\Users\emill\Documents\GitHub\pressboi\lib\libClearCore\Debug\libClearCore.a(StepGenerator.o)
                0x00011964                ClearCore::StepGenerator::MoveStopAbrupt()
 .text._ZN9ClearCore13StepGenerator13MoveStopDecelEm
                0x00011998       0x58 C:\Users\emill\Documents\GitHub\pressboi\lib\libClearCore\Debug\libClearCore.a(StepGenerator.o)
                0x00011998                ClearCore::StepGenerator::MoveStopDecel(unsigned long)
 .text._ZN9ClearCore13StepGenerator6VelMaxEm
                0x000119f0       0x4c C:\Users\emill\Documents\GitHub\pressboi\lib\libClearCore\Debug\libClearCore.a(StepGenerator.o)
                0x000119f0                ClearCore::StepGenerator::VelMax(unsigned long)
 *fill*         0x00011a3c        0x4 
 .text._ZN9ClearCore13StepGenerator8AccelMaxEm
                0x00011a40       0x30 C:\Users\emill\Documents\GitHub\pressboi\lib\libClearCore\Debug\libClearCore.a(StepGenerator.o)
                0x00011a40                ClearCore::StepGenerator::AccelMax(unsigned long)
 .text._ZN9ClearCore13StepGenerator20StepsPerSampleMaxSetEm
                0x00011a70       0x68 C:\Users\emill\Documents\GitHub\pressboi\lib\libClearCore\Debug\libClearCore.a(StepGenerator.o)
                0x00011a70                ClearCore::StepGenerator::StepsPerSampleMaxSet(unsigned long)
 .text._ZN9ClearCore13StepGenerator17CheckTravelLimitsEv
                0x00011ad8       0x80 C:\Users\emill\Documents\GitHub\pressboi\lib\libClearCore\Debug\libClearCore.a(StepGenerator.o)
                0x00011ad8                ClearCore::StepGenerator::CheckTravelLimits()
 .text.SystemInit
                0x00011b58      0x2b0 C:\Users\emill\Documents\GitHub\pressboi\lib\libClearCore\Debug\libClearCore.a(system_same53.o)
                0x00011b58                SystemInit
 .text.GClkFreqUpdate
                0x00011e08       0x44 C:\Users\emill\Documents\GitHub\pressboi\lib\libClearCore\Debug\libClearCore.a(system_same53.o)
                0x00011e08                GClkFreqUpdate
 .text._ZN9ClearCore12EncoderInputC2Ev
                0x00011e4c       0x54 C:\Users\emill\Documents\GitHub\pressboi\lib\libClearCore\Debug\libClearCore.a(EncoderInput.o)
                0x00011e4c                ClearCore::EncoderInput::EncoderInput()
                0x00011e4c                ClearCore::EncoderInput::EncoderInput()
 .text._ZN9ClearCore12EncoderInput10InitializeEv
                0x00011ea0       0x5c C:\Users\emill\Documents\GitHub\pressboi\lib\libClearCore\Debug\libClearCore.a(EncoderInput.o)
                0x00011ea0                ClearCore::EncoderInput::Initialize()
 .text._ZN9ClearCore12EncoderInput6UpdateEv
                0x00011efc       0xbc C:\Users\emill\Documents\GitHub\pressboi\lib\libClearCore\Debug\libClearCore.a(EncoderInput.o)
                0x00011efc                ClearCore::EncoderInput::Update()
 .text.cdcdf_acm_req
                0x00011fb8       0xe0 C:\Users\emill\Documents\GitHub\pressboi\lib\libClearCore\Debug\libClearCore.a(cdcdf_acm.o)
 .text.cdcdf_acm_ctrl
                0x00012098      0x130 C:\Users\emill\Documents\GitHub\pressboi\lib\libClearCore\Debug\libClearCore.a(cdcdf_acm.o)
 .text.cdcdf_acm_init
                0x000121c8       0x3c C:\Users\emill\Documents\GitHub\pressboi\lib\libClearCore\Debug\libClearCore.a(cdcdf_acm.o)
                0x000121c8                cdcdf_acm_init
 .text.cdcdf_acm_read
                0x00012204       0x28 C:\Users\emill\Documents\GitHub\pressboi\lib\libClearCore\Debug\libClearCore.a(cdcdf_acm.o)
                0x00012204                cdcdf_acm_read
 .text.cdcdf_acm_write
                0x0001222c       0x28 C:\Users\emill\Documents\GitHub\pressboi\lib\libClearCore\Debug\libClearCore.a(cdcdf_acm.o)
                0x0001222c                cdcdf_acm_write
 .text.cdcdf_acm_stop_xfer
                0x00012254       0x18 C:\Users\emill\Documents\GitHub\pressboi\lib\libClearCore\Debug\libClearCore.a(cdcdf_acm.o)
                0x00012254                cdcdf_acm_stop_xfer
 .text.cdcdf_acm_register_callback
                0x0001226c       0x50 C:\Users\emill\Documents\GitHub\pressboi\lib\libClearCore\Debug\libClearCore.a(cdcdf_acm.o)
                0x0001226c                cdcdf_acm_register_callback
 .text.cdcdf_acm_is_enabled
                0x000122bc        0xc C:\Users\emill\Documents\GitHub\pressboi\lib\libClearCore\Debug\libClearCore.a(cdcdf_acm.o)
                0x000122bc                cdcdf_acm_is_enabled
 .text.cdcdf_acm_get_line_coding
                0x000122c8        0x8 C:\Users\emill\Documents\GitHub\pressboi\lib\libClearCore\Debug\libClearCore.a(cdcdf_acm.o)
                0x000122c8                cdcdf_acm_get_line_coding
 .text.usbd_sof_cb
                0x000122d0       0x1c C:\Users\emill\Documents\GitHub\pressboi\lib\libClearCore\Debug\libClearCore.a(usbdc.o)
 .text.usbdc_cb_ctl_done
                0x000122ec       0x9c C:\Users\emill\Documents\GitHub\pressboi\lib\libClearCore\Debug\libClearCore.a(usbdc.o)
 .text.usbdc_cb_ctl_req
                0x00012388      0x408 C:\Users\emill\Documents\GitHub\pressboi\lib\libClearCore\Debug\libClearCore.a(usbdc.o)
 .text.usbd_event_cb
                0x00012790       0x7c C:\Users\emill\Documents\GitHub\pressboi\lib\libClearCore\Debug\libClearCore.a(usbdc.o)
 .text.usbdc_xfer
                0x0001280c       0x1c C:\Users\emill\Documents\GitHub\pressboi\lib\libClearCore\Debug\libClearCore.a(usbdc.o)
                0x0001280c                usbdc_xfer
 .text.usbdc_register_handler
                0x00012828       0x2c C:\Users\emill\Documents\GitHub\pressboi\lib\libClearCore\Debug\libClearCore.a(usbdc.o)
                0x00012828                usbdc_register_handler
 .text.usbdc_init
                0x00012854       0x50 C:\Users\emill\Documents\GitHub\pressboi\lib\libClearCore\Debug\libClearCore.a(usbdc.o)
                0x00012854                usbdc_init
 .text.usbdc_register_function
                0x000128a4        0xc C:\Users\emill\Documents\GitHub\pressboi\lib\libClearCore\Debug\libClearCore.a(usbdc.o)
                0x000128a4                usbdc_register_function
 .text.usbdc_start
                0x000128b0       0x30 C:\Users\emill\Documents\GitHub\pressboi\lib\libClearCore\Debug\libClearCore.a(usbdc.o)
                0x000128b0                usbdc_start
 .text.usbdc_attach
                0x000128e0        0x4 C:\Users\emill\Documents\GitHub\pressboi\lib\libClearCore\Debug\libClearCore.a(usbdc.o)
                0x000128e0                usbdc_attach
 .text.usbdc_get_ctrl_buffer
                0x000128e4        0xc C:\Users\emill\Documents\GitHub\pressboi\lib\libClearCore\Debug\libClearCore.a(usbdc.o)
                0x000128e4                usbdc_get_ctrl_buffer
 .text.usbdc_get_state
                0x000128f0       0x14 C:\Users\emill\Documents\GitHub\pressboi\lib\libClearCore\Debug\libClearCore.a(usbdc.o)
                0x000128f0                usbdc_get_state
 .text.usb_find_desc
                0x00012904       0x34 C:\Users\emill\Documents\GitHub\pressboi\lib\libClearCore\Debug\libClearCore.a(usb_protocol.o)
                0x00012904                usb_find_desc
 .text.usb_find_ep_desc
                0x00012938       0x34 C:\Users\emill\Documents\GitHub\pressboi\lib\libClearCore\Debug\libClearCore.a(usb_protocol.o)
                0x00012938                usb_find_ep_desc
 .text.usb_find_cfg_desc
                0x0001296c       0x58 C:\Users\emill\Documents\GitHub\pressboi\lib\libClearCore\Debug\libClearCore.a(usb_protocol.o)
                0x0001296c                usb_find_cfg_desc
 .text.usb_find_str_desc
                0x000129c4       0x38 C:\Users\emill\Documents\GitHub\pressboi\lib\libClearCore\Debug\libClearCore.a(usb_protocol.o)
                0x000129c4                usb_find_str_desc
 .text.usb_d_dummy_cb_false
                0x000129fc        0x4 C:\Users\emill\Documents\GitHub\pressboi\lib\libClearCore\Debug\libClearCore.a(hal_usb_device.o)
 .text.usb_d_cb_trans_more
                0x00012a00       0x44 C:\Users\emill\Documents\GitHub\pressboi\lib\libClearCore\Debug\libClearCore.a(hal_usb_device.o)
 .text._usb_d_cb_trans_done
                0x00012a44      0x13c C:\Users\emill\Documents\GitHub\pressboi\lib\libClearCore\Debug\libClearCore.a(hal_usb_device.o)
 .text.usb_d_cb_trans_setup
                0x00012b80       0xa4 C:\Users\emill\Documents\GitHub\pressboi\lib\libClearCore\Debug\libClearCore.a(hal_usb_device.o)
 .text.usb_d_init
                0x00012c24      0x104 C:\Users\emill\Documents\GitHub\pressboi\lib\libClearCore\Debug\libClearCore.a(hal_usb_device.o)
                0x00012c24                usb_d_init
 .text.usb_d_register_callback
                0x00012d28        0x4 C:\Users\emill\Documents\GitHub\pressboi\lib\libClearCore\Debug\libClearCore.a(hal_usb_device.o)
                0x00012d28                usb_d_register_callback
 .text.usb_d_enable
                0x00012d2c        0x4 C:\Users\emill\Documents\GitHub\pressboi\lib\libClearCore\Debug\libClearCore.a(hal_usb_device.o)
                0x00012d2c                usb_d_enable
 .text.usb_d_attach
                0x00012d30        0x4 C:\Users\emill\Documents\GitHub\pressboi\lib\libClearCore\Debug\libClearCore.a(hal_usb_device.o)
                0x00012d30                usb_d_attach
 .text.usb_d_set_address
                0x00012d34        0x4 C:\Users\emill\Documents\GitHub\pressboi\lib\libClearCore\Debug\libClearCore.a(hal_usb_device.o)
                0x00012d34                usb_d_set_address
 .text.usb_d_ep0_init
                0x00012d38       0x9c C:\Users\emill\Documents\GitHub\pressboi\lib\libClearCore\Debug\libClearCore.a(hal_usb_device.o)
                0x00012d38                usb_d_ep0_init
 .text.usb_d_ep_init
                0x00012dd4       0x6c C:\Users\emill\Documents\GitHub\pressboi\lib\libClearCore\Debug\libClearCore.a(hal_usb_device.o)
                0x00012dd4                usb_d_ep_init
 .text.usb_d_ep_deinit
                0x00012e40       0x38 C:\Users\emill\Documents\GitHub\pressboi\lib\libClearCore\Debug\libClearCore.a(hal_usb_device.o)
                0x00012e40                usb_d_ep_deinit
 .text.usb_d_ep_enable
                0x00012e78       0x54 C:\Users\emill\Documents\GitHub\pressboi\lib\libClearCore\Debug\libClearCore.a(hal_usb_device.o)
                0x00012e78                usb_d_ep_enable
 .text.usb_d_ep_transfer
                0x00012ecc      0x128 C:\Users\emill\Documents\GitHub\pressboi\lib\libClearCore\Debug\libClearCore.a(hal_usb_device.o)
                0x00012ecc                usb_d_ep_transfer
 .text.usb_d_ep_abort
                0x00012ff4       0x3c C:\Users\emill\Documents\GitHub\pressboi\lib\libClearCore\Debug\libClearCore.a(hal_usb_device.o)
                0x00012ff4                usb_d_ep_abort
 .text.usb_d_ep_halt
                0x00013030       0x70 C:\Users\emill\Documents\GitHub\pressboi\lib\libClearCore\Debug\libClearCore.a(hal_usb_device.o)
                0x00013030                usb_d_ep_halt
 .text.usb_d_ep_register_callback
                0x000130a0       0x5c C:\Users\emill\Documents\GitHub\pressboi\lib\libClearCore\Debug\libClearCore.a(hal_usb_device.o)
                0x000130a0                usb_d_ep_register_callback
 .text.assert   0x000130fc        0x8 C:\Users\emill\Documents\GitHub\pressboi\lib\libClearCore\Debug\libClearCore.a(utils_assert.o)
                0x000130fc                assert
 .text.list_insert_at_end
                0x00013104       0x48 C:\Users\emill\Documents\GitHub\pressboi\lib\libClearCore\Debug\libClearCore.a(utils_list.o)
                0x00013104                list_insert_at_end
 .text._ZN9ClearCore10AdcManager8InstanceEv
                0x0001314c       0x88 C:\Users\emill\Documents\GitHub\pressboi\lib\libClearCore\Debug\libClearCore.a(AdcManager.o)
                0x0001314c                ClearCore::AdcManager::Instance()
 .text._ZN9ClearCore10AdcManager10InitializeEv
                0x000131d4      0x374 C:\Users\emill\Documents\GitHub\pressboi\lib\libClearCore\Debug\libClearCore.a(AdcManager.o)
                0x000131d4                ClearCore::AdcManager::Initialize()
 .text._ZN9ClearCore10AdcManager6UpdateEv
                0x00013548      0x244 C:\Users\emill\Documents\GitHub\pressboi\lib\libClearCore\Debug\libClearCore.a(AdcManager.o)
                0x00013548                ClearCore::AdcManager::Update()
 .text._ZN9ClearCore10AdcManager8FilterTcENS0_11AdcChannelsEtNS0_11FilterUnitsE
                0x0001378c       0x9c C:\Users\emill\Documents\GitHub\pressboi\lib\libClearCore\Debug\libClearCore.a(AdcManager.o)
                0x0001378c                ClearCore::AdcManager::FilterTc(ClearCore::AdcManager::AdcChannels, unsigned short, ClearCore::AdcManager::FilterUnits)
 .text.startup._GLOBAL__sub_I__ZN9ClearCore6AdcMgrE
                0x00013828       0x4c C:\Users\emill\Documents\GitHub\pressboi\lib\libClearCore\Debug\libClearCore.a(AdcManager.o)
 .text._ZN9ClearCore12DigitalInOut11IsInHwFaultEv
                0x00013874        0x8 C:\Users\emill\Documents\GitHub\pressboi\lib\libClearCore\Debug\libClearCore.a(DigitalInOutAnalogOut.o)
                0x00013874                ClearCore::DigitalInOut::IsInHwFault()
 .text._ZN9ClearCore21DigitalInOutAnalogOut4ModeEv
                0x0001387c        0x4 C:\Users\emill\Documents\GitHub\pressboi\lib\libClearCore\Debug\libClearCore.a(DigitalInOutAnalogOut.o)
                0x0001387c                ClearCore::DigitalInOutAnalogOut::Mode()
 .text._ZN9ClearCore21DigitalInOutAnalogOut4TypeEv
                0x00013880        0x4 C:\Users\emill\Documents\GitHub\pressboi\lib\libClearCore\Debug\libClearCore.a(DigitalInOutAnalogOut.o)
                0x00013880                ClearCore::DigitalInOutAnalogOut::Type()
 .text._ZN9ClearCore21DigitalInOutAnalogOut10IsWritableEv
                0x00013884       0x14 C:\Users\emill\Documents\GitHub\pressboi\lib\libClearCore\Debug\libClearCore.a(DigitalInOutAnalogOut.o)
                0x00013884                ClearCore::DigitalInOutAnalogOut::IsWritable()
 .text._ZN9ClearCore21DigitalInOutAnalogOutC2ENS_13ShiftRegister5MasksEPK15PeripheralRouteS5_S5_b
                0x00013898       0x34 C:\Users\emill\Documents\GitHub\pressboi\lib\libClearCore\Debug\libClearCore.a(DigitalInOutAnalogOut.o)
                0x00013898                ClearCore::DigitalInOutAnalogOut::DigitalInOutAnalogOut(ClearCore::ShiftRegister::Masks, PeripheralRoute const*, PeripheralRoute const*, PeripheralRoute const*, bool)
                0x00013898                ClearCore::DigitalInOutAnalogOut::DigitalInOutAnalogOut(ClearCore::ShiftRegister::Masks, PeripheralRoute const*, PeripheralRoute const*, PeripheralRoute const*, bool)
 .text._ZN9ClearCore21DigitalInOutAnalogOut13DacInitializeEv
                0x000138cc      0x100 C:\Users\emill\Documents\GitHub\pressboi\lib\libClearCore\Debug\libClearCore.a(DigitalInOutAnalogOut.o)
                0x000138cc                ClearCore::DigitalInOutAnalogOut::DacInitialize()
 .text._ZN9ClearCore21DigitalInOutAnalogOut9DacEnableEv
                0x000139cc       0xc8 C:\Users\emill\Documents\GitHub\pressboi\lib\libClearCore\Debug\libClearCore.a(DigitalInOutAnalogOut.o)
                0x000139cc                ClearCore::DigitalInOutAnalogOut::DacEnable()
 .text._ZN9ClearCore21DigitalInOutAnalogOut7RefreshEv
                0x00013a94       0x18 C:\Users\emill\Documents\GitHub\pressboi\lib\libClearCore\Debug\libClearCore.a(DigitalInOutAnalogOut.o)
                0x00013a94                ClearCore::DigitalInOutAnalogOut::Refresh()
 .text._ZN9ClearCore21DigitalInOutAnalogOut4ModeENS_9Connector14ConnectorModesE
                0x00013aac       0xf8 C:\Users\emill\Documents\GitHub\pressboi\lib\libClearCore\Debug\libClearCore.a(DigitalInOutAnalogOut.o)
                0x00013aac                ClearCore::DigitalInOutAnalogOut::Mode(ClearCore::Connector::ConnectorModes)
 .text._ZN9ClearCore21DigitalInOutAnalogOut5StateEv
                0x00013ba4       0x1c C:\Users\emill\Documents\GitHub\pressboi\lib\libClearCore\Debug\libClearCore.a(DigitalInOutAnalogOut.o)
                0x00013ba4                ClearCore::DigitalInOutAnalogOut::State()
 .text._ZN9ClearCore21DigitalInOutAnalogOut5StateEs
                0x00013bc0       0x9c C:\Users\emill\Documents\GitHub\pressboi\lib\libClearCore\Debug\libClearCore.a(DigitalInOutAnalogOut.o)
                0x00013bc0                ClearCore::DigitalInOutAnalogOut::State(short)
 .text._ZN9ClearCore21DigitalInOutAnalogOut10InitializeE13ClearCorePins
                0x00013c5c       0xa0 C:\Users\emill\Documents\GitHub\pressboi\lib\libClearCore\Debug\libClearCore.a(DigitalInOutAnalogOut.o)
                0x00013c5c                ClearCore::DigitalInOutAnalogOut::Initialize(ClearCorePins)
 .text._ZN9ClearCore9DigitalIn11IsInHwFaultEv
                0x00013cfc        0x4 C:\Users\emill\Documents\GitHub\pressboi\lib\libClearCore\Debug\libClearCore.a(DigitalInAnalogIn.o)
                0x00013cfc                ClearCore::DigitalIn::IsInHwFault()
 .text._ZN9ClearCore17DigitalInAnalogIn4ModeEv
                0x00013d00        0x4 C:\Users\emill\Documents\GitHub\pressboi\lib\libClearCore\Debug\libClearCore.a(DigitalInAnalogIn.o)
                0x00013d00                ClearCore::DigitalInAnalogIn::Mode()
 .text._ZN9ClearCore17DigitalInAnalogIn4TypeEv